Microchip MPLAB XC8 Compiler V3.00

Linker command line:

-W-3 \
  --edf=C:\Program Files\Microchip\xc8\v3.00\pic\dat\20241204225717_en.msgs \
  -cn -h+dist/default/production\Trabalho_final.X.production.sym \
  --cmf=dist/default/production\Trabalho_final.X.production.cmf -z \
  -Q16F1827 -oC:\Users\User\AppData\Local\Temp\xcAs1v18.\driver_tmp_3.o \
  --defsym=__MPLAB_BUILD=1 --fixupoverflow=error \
  -Mdist/default/production/Trabalho_final.X.production.map \
  --md=C:\Users\User\AppData\Local\Temp\xcAs1v18.\driver_tmp_0.dat -E1 \
  -ver=XC8 Compiler -ACODE=00h-07FFhx2 -ASTRCODE=00h-0FFFh \
  -ASTRING=00h-0FFhx16 -ACONST=00h-0FFhx16 -AENTRY=00h-0FFhx16 \
  -ACOMMON=070h-07Fh -ABANK0=020h-06Fh -ABANK1=0A0h-0EFh \
  -ABANK2=0120h-016Fh -ABANK3=01A0h-01EFh -ABANK4=0220h-024Fh \
  -ABIGRAM=02000h-0216Fh \
  -ARAM=020h-06Fh,0A0h-0EFh,0120h-016Fh,01A0h-01EFh,0220h-024Fh \
  -AABS1=020h-07Fh,0A0h-0EFh,0120h-016Fh,01A0h-01EFh,0220h-024Fh \
  -ASFR0=00h-01Fh -ASFR1=080h-09Fh -ASFR2=0100h-011Fh -ASFR3=0180h-019Fh \
  -ASFR4=0200h-021Fh -ASFR5=0280h-02EFh -ASFR6=0300h-036Fh \
  -ASFR7=0380h-03EFh -ASFR8=0400h-046Fh -ASFR9=0480h-04EFh \
  -ASFR10=0500h-056Fh -ASFR11=0580h-05EFh -ASFR12=0600h-066Fh \
  -ASFR13=0680h-06EFh -ASFR14=0700h-076Fh -ASFR15=0780h-07EFh \
  -ASFR16=0800h-086Fh -ASFR17=0880h-08EFh -ASFR18=0900h-096Fh \
  -ASFR19=0980h-09EFh -ASFR20=0A00h-0A6Fh -ASFR21=0A80h-0AEFh \
  -ASFR22=0B00h-0B6Fh -ASFR23=0B80h-0BEFh -ASFR24=0C00h-0C6Fh \
  -ASFR25=0C80h-0CEFh -ASFR26=0D00h-0D6Fh -ASFR27=0D80h-0DEFh \
  -ASFR28=0E00h-0E6Fh -ASFR29=0E80h-0EEFh -ASFR30=0F00h-0F6Fh \
  -ASFR31=0F80h-0FEFh -ACONFIG=08007h-08008h -DCONFIG=2 \
  -AIDLOC=08000h-08003h -DIDLOC=2 -AEEDATA=00h-0FFh/0F000h \
  -peeprom_data=EEDATA -DEEDATA=2 -DCODE=2 -DSTRCODE=2 -DSTRING=2 -DCONST=2 \
  -DENTRY=2 -preset_vec=00h,intentry=04h,sivt,init,end_init -ppowerup=CODE \
  -pcinit=CODE -pfunctab=ENTRY -k \
  C:\Users\User\AppData\Local\Temp\xcAs1v18.\driver_tmp_15.o \
  dist/default/production\Trabalho_final.X.production.o 

Object code version is 3.11

Machine type is 16F1827



                Name                               Link     Load   Length Selector   Space Scale
C:\Users\User\AppData\Local\Temp\xcAs1v18.\driver_tmp_15.o
                end_init                             72       72        2        8       0
                reset_vec                             0        0        2        0       0
                config                             8007     8007        2        0       4
dist/default/production\Trabalho_final.X.production.o
                cinit                                74       74       15        8       0
                intentry                              4        4       6E        8       0
                config                             8007     8007        2        0       4
                text66                              CDC      CDC        3     19B8       0
                text65                              CDF      CDF        3     19BE       0
                text64                              E22      E22       14     1C44       0
                text63                              CE2      CE2        4     19C4       0
                text62                              CD9      CD9        1     19B2       0
                text61                              CE6      CE6        4     19CC       0
                text60                              743      743       39        8       0
                text59                              E7F      E7F       1E     1CFE       0
                text58                              CDA      CDA        1     19B4       0
                text57                              DC2      DC2        F     1B84       0
                text56                              CDB      CDB        1     19B6       0
                text55                              DD1      DD1        F     1BA2       0
                text54                              DFE      DFE       11     1BFC       0
                text53                                2        2        1        0       0
                text52                              DE0      DE0        F     1BC0       0
                text51                              E64      E64       1B     1CC8       0
                text50                              CF2      CF2        5     19E4       0
                text49                              590      590       58        8       0
                text48                              FCD      FCD       33     1F9A       0
                text47                                3        3        1        6       0
                text46                              3AE      3AE       E4        8       0
                text45                              DEF      DEF        F     1BDE       0
                text43                              7E4      7E4       1C        8       0
                text42                              DA6      DA6        E     1B4C       0
                text41                              DB4      DB4        E     1B68       0
                text40                              D0C      D0C        9     1A18       0
                text39                              F11      F11       2D     1E22       0
                text38                              704      704       3F        8       0
                text37                              F6C      F6C       2F     1ED8       0
                text36                              E4A      E4A       1A     1C94       0
                text35                              77C      77C       35        8       0
                text34                              492      492       90        8       0
                text33                              D04      D04        8     1A08       0
                text32                              D8E      D8E        C     1B1C       0
                text31                              D9A      D9A        C     1B34       0
                text30                              D15      D15        9     1A2A       0
                text29                              D1E      D1E        9     1A3C       0
                text28                              D27      D27        9     1A4E       0
                text27                              D30      D30        9     1A60       0
                text26                              D39      D39        9     1A72       0
                text25                              682      682       42        8       0
                text24                              CEA      CEA        4     19D4       0
                text23                              CFD      CFD        7     19FA       0
                text22                              D42      D42        9     1A84       0
                text21                              D4B      D4B        9     1A96       0
                text20                              F9B      F9B       32     1F36       0
                text19                              D54      D54        9     1AA8       0
                text18                              D83      D83        B     1B06       0
                text17                              D6F      D6F        A     1ADE       0
                text16                              D5D      D5D        9     1ABA       0
                text15                              E0F      E0F       13     1C1E       0
                text14                              D66      D66        9     1ACC       0
                text13                              E36      E36       14     1C6C       0
                text12                              CEE      CEE        4     19DC       0
                text11                              EE9      EE9       28     1DD2       0
                text10                              EC2      EC2       27     1D84       0
                text9                               522      522       6E        8       0
                text8                               5E8      5E8       52        8       0
                text7                               63A      63A       48        8       0
                text6                               7B1      7B1       33        8       0
                text5                               253      253      15B        8       0
                text4                               E9D      E9D       25     1D3A       0
                text3                               F3E      F3E       2E     1E7C       0
                text2                               D79      D79        A     1AF2       0
                text1                               6C4      6C4       40        8       0
                maintext                             89       89      1CA        8       0
                cstackBANK0                          3E       3E       1E       20       1
                cstackCOMMON                         70       70        D       70       1
                cstackBANK1                          C0       C0       13       A0       1
                clrtext                             CF7      CF7        6     19EE       0
                bssBANK1                             A0       A0       20       A0       1
                bssBANK0                             20       20       1E       20       1
                bssCOMMON                            7D       7D        1       70       1
                nvBANK1                              D3       D3       12       A0       1
                stringtext5                         834      834        4     1000       0
                stringtext4                         830      830        4     1000       0
                stringtext3                         824      824        C     1000       0
                stringtext2                         814      814       10     1000       0
                stringtext1                         800      800       14     1000       0

TOTAL           Name                               Link     Load   Length     Space
        CLASS   CODE           
                end_init                             72       72        2         0
                cinit                                74       74       15         0
                intentry                              4        4       6E         0
                reset_vec                             0        0        2         0
                text66                              CDC      CDC        3         0
                text65                              CDF      CDF        3         0
                text64                              E22      E22       14         0
                text63                              CE2      CE2        4         0
                text62                              CD9      CD9        1         0
                text61                              CE6      CE6        4         0
                text60                              743      743       39         0
                text59                              E7F      E7F       1E         0
                text58                              CDA      CDA        1         0
                text57                              DC2      DC2        F         0
                text56                              CDB      CDB        1         0
                text55                              DD1      DD1        F         0
                text54                              DFE      DFE       11         0
                text53                                2        2        1         0
                text52                              DE0      DE0        F         0
                text51                              E64      E64       1B         0
                text50                              CF2      CF2        5         0
                text49                              590      590       58         0
                text48                              FCD      FCD       33         0
                text47                                3        3        1         0
                text46                              3AE      3AE       E4         0
                text45                              DEF      DEF        F         0
                text43                              7E4      7E4       1C         0
                text42                              DA6      DA6        E         0
                text41                              DB4      DB4        E         0
                text40                              D0C      D0C        9         0
                text39                              F11      F11       2D         0
                text38                              704      704       3F         0
                text37                              F6C      F6C       2F         0
                text36                              E4A      E4A       1A         0
                text35                              77C      77C       35         0
                text34                              492      492       90         0
                text33                              D04      D04        8         0
                text32                              D8E      D8E        C         0
                text31                              D9A      D9A        C         0
                text30                              D15      D15        9         0
                text29                              D1E      D1E        9         0
                text28                              D27      D27        9         0
                text27                              D30      D30        9         0
                text26                              D39      D39        9         0
                text25                              682      682       42         0
                text24                              CEA      CEA        4         0
                text23                              CFD      CFD        7         0
                text22                              D42      D42        9         0
                text21                              D4B      D4B        9         0
                text20                              F9B      F9B       32         0
                text19                              D54      D54        9         0
                text18                              D83      D83        B         0
                text17                              D6F      D6F        A         0
                text16                              D5D      D5D        9         0
                text15                              E0F      E0F       13         0
                text14                              D66      D66        9         0
                text13                              E36      E36       14         0
                text12                              CEE      CEE        4         0
                text11                              EE9      EE9       28         0
                text10                              EC2      EC2       27         0
                text9                               522      522       6E         0
                text8                               5E8      5E8       52         0
                text7                               63A      63A       48         0
                text6                               7B1      7B1       33         0
                text5                               253      253      15B         0
                text4                               E9D      E9D       25         0
                text3                               F3E      F3E       2E         0
                text2                               D79      D79        A         0
                text1                               6C4      6C4       40         0
                maintext                             89       89      1CA         0
                clrtext                             CF7      CF7        6         0

        CLASS   STRCODE        
                stringtext5                         834      834        4         0
                stringtext4                         830      830        4         0
                stringtext3                         824      824        C         0
                stringtext2                         814      814       10         0
                stringtext1                         800      800       14         0

        CLASS   STRING         

        CLASS   CONST          

        CLASS   ENTRY          

        CLASS   COMMON         
                cstackCOMMON                         70       70        D         1
                bssCOMMON                            7D       7D        1         1

        CLASS   BANK0          
                cstackBANK0                          3E       3E       1E         1
                bssBANK0                             20       20       1E         1

        CLASS   BANK1          
                cstackBANK1                          C0       C0       13         1
                bssBANK1                             A0       A0       20         1
                nvBANK1                              D3       D3       12         1

        CLASS   BANK2          

        CLASS   BANK3          

        CLASS   BANK4          

        CLASS   BIGRAM         

        CLASS   RAM            

        CLASS   ABS1           
                abs_s1                               7E       7E        2         1

        CLASS   SFR0           

        CLASS   SFR1           

        CLASS   SFR2           

        CLASS   SFR3           

        CLASS   SFR4           

        CLASS   SFR5           

        CLASS   SFR6           

        CLASS   SFR7           

        CLASS   SFR8           

        CLASS   SFR9           

        CLASS   SFR10          

        CLASS   SFR11          

        CLASS   SFR12          

        CLASS   SFR13          

        CLASS   SFR14          

        CLASS   SFR15          

        CLASS   SFR16          

        CLASS   SFR17          

        CLASS   SFR18          

        CLASS   SFR19          

        CLASS   SFR20          

        CLASS   SFR21          

        CLASS   SFR22          

        CLASS   SFR23          

        CLASS   SFR24          

        CLASS   SFR25          

        CLASS   SFR26          

        CLASS   SFR27          

        CLASS   SFR28          

        CLASS   SFR29          

        CLASS   SFR30          

        CLASS   SFR31          

        CLASS   CONFIG         
                config                             8007     8007        2         4

        CLASS   IDLOC          

        CLASS   EEDATA         

        CLASS   BANK31         

        CLASS   BANK30         

        CLASS   BANK29         

        CLASS   BANK28         

        CLASS   BANK27         

        CLASS   BANK26         

        CLASS   BANK25         

        CLASS   BANK24         

        CLASS   BANK23         

        CLASS   BANK22         

        CLASS   BANK21         

        CLASS   BANK20         

        CLASS   BANK19         

        CLASS   BANK18         

        CLASS   BANK17         

        CLASS   BANK16         

        CLASS   BANK15         

        CLASS   BANK14         

        CLASS   BANK13         

        CLASS   BANK12         

        CLASS   BANK11         

        CLASS   BANK10         

        CLASS   BANK9          

        CLASS   BANK8          

        CLASS   BANK7          

        CLASS   BANK6          

        CLASS   BANK5          

        CLASS   HEAP           

        CLASS   STACK          



SEGMENTS        Name                           Load    Length   Top    Selector   Space  Class     Delta

                reset_vec                      000000  000003  000003         0       0  CODE        2
                text47                         000003  000001  000004         6       0  CODE        2
                intentry                       000004  0007FC  000800         8       0  CODE        2
                bssBANK0                       000020  00003C  00005C        20       1  BANK0       1
                cstackCOMMON                   000070  00000E  00007E        70       1  COMMON      1
                bssBANK1                       0000A0  000045  0000E5        A0       1  BANK1       1
                stringtext1                    000800  000038  000838      1000       0  STRCODE     2
                text62                         000CD9  000001  000CDA      19B2       0  CODE        2
                text58                         000CDA  000001  000CDB      19B4       0  CODE        2
                text56                         000CDB  000001  000CDC      19B6       0  CODE        2
                text66                         000CDC  000003  000CDF      19B8       0  CODE        2
                text65                         000CDF  000003  000CE2      19BE       0  CODE        2
                text63                         000CE2  000004  000CE6      19C4       0  CODE        2
                text61                         000CE6  000004  000CEA      19CC       0  CODE        2
                text24                         000CEA  000004  000CEE      19D4       0  CODE        2
                text12                         000CEE  000004  000CF2      19DC       0  CODE        2
                text50                         000CF2  000005  000CF7      19E4       0  CODE        2
                clrtext                        000CF7  000006  000CFD      19EE       0  CODE        2
                text23                         000CFD  000007  000D04      19FA       0  CODE        2
                text33                         000D04  000008  000D0C      1A08       0  CODE        2
                text40                         000D0C  000009  000D15      1A18       0  CODE        2
                text30                         000D15  000009  000D1E      1A2A       0  CODE        2
                text29                         000D1E  000009  000D27      1A3C       0  CODE        2
                text28                         000D27  000009  000D30      1A4E       0  CODE        2
                text27                         000D30  000009  000D39      1A60       0  CODE        2
                text26                         000D39  000009  000D42      1A72       0  CODE        2
                text22                         000D42  000009  000D4B      1A84       0  CODE        2
                text21                         000D4B  000009  000D54      1A96       0  CODE        2
                text19                         000D54  000009  000D5D      1AA8       0  CODE        2
                text16                         000D5D  000009  000D66      1ABA       0  CODE        2
                text14                         000D66  000009  000D6F      1ACC       0  CODE        2
                text17                         000D6F  00000A  000D79      1ADE       0  CODE        2
                text2                          000D79  00000A  000D83      1AF2       0  CODE        2
                text18                         000D83  00000B  000D8E      1B06       0  CODE        2
                text32                         000D8E  00000C  000D9A      1B1C       0  CODE        2
                text31                         000D9A  00000C  000DA6      1B34       0  CODE        2
                text42                         000DA6  00000E  000DB4      1B4C       0  CODE        2
                text41                         000DB4  00000E  000DC2      1B68       0  CODE        2
                text57                         000DC2  00000F  000DD1      1B84       0  CODE        2
                text55                         000DD1  00000F  000DE0      1BA2       0  CODE        2
                text52                         000DE0  00000F  000DEF      1BC0       0  CODE        2
                text45                         000DEF  00000F  000DFE      1BDE       0  CODE        2
                text54                         000DFE  000011  000E0F      1BFC       0  CODE        2
                text15                         000E0F  000013  000E22      1C1E       0  CODE        2
                text64                         000E22  000014  000E36      1C44       0  CODE        2
                text13                         000E36  000014  000E4A      1C6C       0  CODE        2
                text36                         000E4A  00001A  000E64      1C94       0  CODE        2
                text51                         000E64  00001B  000E7F      1CC8       0  CODE        2
                text59                         000E7F  00001E  000E9D      1CFE       0  CODE        2
                text4                          000E9D  000025  000EC2      1D3A       0  CODE        2
                text10                         000EC2  000027  000EE9      1D84       0  CODE        2
                text11                         000EE9  000028  000F11      1DD2       0  CODE        2
                text39                         000F11  00002D  000F3E      1E22       0  CODE        2
                text3                          000F3E  00002E  000F6C      1E7C       0  CODE        2
                text37                         000F6C  00002F  000F9B      1ED8       0  CODE        2
                text20                         000F9B  000032  000FCD      1F36       0  CODE        2
                text48                         000FCD  000033  001000      1F9A       0  CODE        2


UNUSED ADDRESS RANGES

        Name                Unused          Largest block    Delta
        BANK0            0005C-0006F              14           1
        BANK1            000E5-000EF               B           1
        BANK2            00120-0016F              50           1
        BANK3            001A0-001EF              50           1
        BANK4            00220-0024F              30           1
        BIGRAM           02000-0216F             170           1
        CODE             00838-00CD8             4A1           2
        CONST            00838-00CD8             100           2
        EEDATA           0F000-0F0FF             100           2
        ENTRY            00838-00CD8             100           2
        IDLOC            08000-08003               4           2
        RAM              0005C-0006F              14           1
                         000E5-000EF               B
                         00120-0016F              50
                         001A0-001EF              50
                         00220-0024F              30
        SFR0             00000-0001F              20           1
        SFR1             00080-0009F              20           1
        SFR10            00500-0056F              70           1
        SFR11            00580-005EF              70           1
        SFR12            00600-0066F              70           1
        SFR13            00680-006EF              70           1
        SFR14            00700-0076F              70           1
        SFR15            00780-007EF              70           1
        SFR16            00800-0086F              70           1
        SFR17            00880-008EF              70           1
        SFR18            00900-0096F              70           1
        SFR19            00980-009EF              70           1
        SFR2             00100-0011F              20           1
        SFR20            00A00-00A6F              70           1
        SFR21            00A80-00AEF              70           1
        SFR22            00B00-00B6F              70           1
        SFR23            00B80-00BEF              70           1
        SFR24            00C00-00C6F              70           1
        SFR25            00C80-00CEF              70           1
        SFR26            00D00-00D6F              70           1
        SFR27            00D80-00DEF              70           1
        SFR28            00E00-00E6F              70           1
        SFR29            00E80-00EEF              70           1
        SFR3             00180-0019F              20           1
        SFR30            00F00-00F6F              70           1
        SFR31            00F80-00FEF              70           1
        SFR4             00200-0021F              20           1
        SFR5             00280-002EF              70           1
        SFR6             00300-0036F              70           1
        SFR7             00380-003EF              70           1
        SFR8             00400-0046F              70           1
        SFR9             00480-004EF              70           1
        STRCODE          00838-00CD8             4A1           2
        STRING           00838-00CD8             100           2

                                  Symbol Table

?_ADC_GetConversion                            cstackCOMMON 00070
?_UART_RecebePedido                            cstackBANK0  00053
?___awdiv                                      cstackBANK0  00058
?___awmod                                      cstackBANK0  00052
?___lldiv                                      cstackCOMMON 00070
?___lmul                                       cstackCOMMON 00070
?___lwdiv                                      cstackBANK0  00057
?___lwmod                                      cstackBANK0  00052
ADC_GetConversion@channel                      cstackCOMMON 00073
EUSART_Read@readValue                          cstackBANK0  00052
EUSART_SetErrorHandler@interruptHandler        cstackBANK0  00052
EUSART_SetFramingErrorHandler@interruptHandler cstackBANK0  00052
EUSART_SetOverrunErrorHandler@interruptHandler cstackBANK0  00052
EUSART_SetRxInterruptHandler@interruptHandler  cstackBANK0  00052
EUSART_SetTxInterruptHandler@interruptHandler  cstackBANK0  00052
EUSART_Write@txData                            cstackBANK0  00052
Existe_Chamada_Abaixo@andar_ref                cstackBANK0  00053
Existe_Chamada_Abaixo@i                        cstackBANK0  00054
Existe_Chamada_Acima@andar_ref                 cstackBANK0  00053
Existe_Chamada_Acima@i                         cstackBANK0  00054
IOCBF0_SetInterruptHandler@InterruptHandler    cstackBANK0  00052
IOCBF3_SetInterruptHandler@InterruptHandler    cstackBANK0  00052
MAX7219_Write@address                          cstackBANK0  00053
MAX7219_Write@data                             cstackBANK0  00052
MatrizInicializa@i                             cstackBANK0  00054
MatrizInicializa@row                           cstackBANK0  00055
MatrizLed@base_andar                           cstackBANK1  000C0
MatrizLed@base_seta                            cstackBANK1  000C2
MatrizLed@buffer_percurso                      cstackBANK1  000C1
MatrizLed@i                                    cstackBANK1  000C3
MatrizLed@i_1665                               cstackBANK1  000C4
MatrizLed@i_1666                               cstackBANK1  000C5
PWM3_LoadDutyValue@dutyValue                   cstackBANK0  00052
SENSORES_CalcularVelocidade@calc_temp          cstackBANK0  0004A
SENSORES_CalcularVelocidade@calculo_posicao    cstackBANK0  00042
SENSORES_CalcularVelocidade@calculo_velocidade cstackBANK0  00046
SENSORES_CalcularVelocidade@delta              cstackBANK0  00051
SENSORES_CalcularVelocidade@leitura_adc        cstackBANK0  0004E
SENSORES_CalcularVelocidade@valor_atual        cstackBANK0  00050
TMR0_ReadTimer@readVal                         cstackCOMMON 00070
TMR2_SetInterruptHandler@InterruptHandler      cstackBANK0  00052
TMR4_SetInterruptHandler@InterruptHandler      cstackBANK0  00052
UART_RecebePedido@destino_pedido               cstackBANK0  00054
UART_RecebePedido@origem_pedido                cstackBANK0  00053
_ADCON0                                        (abs)        0009D
_ADCON0bits                                    (abs)        0009D
_ADCON1                                        (abs)        0009E
_ADC_GetConversion                             text51       00E64
_ADC_Initialize                                text33       00D04
_ADRESH                                        (abs)        0009C
_ADRESL                                        (abs)        0009B
_ANSELA                                        (abs)        0018C
_ANSELB                                        (abs)        0018D
_APFCON0                                       (abs)        0011D
_APFCON1                                       (abs)        0011E
_BAUDCON                                       (abs)        0019F
_BORCON                                        (abs)        00116
_CCP3CON                                       (abs)        00313
_CCPR3H                                        (abs)        00312
_CCPR3L                                        (abs)        00311
_CCPTMRS0bits                                  (abs)        0029E
_CM1CON0                                       (abs)        00111
_CM1CON0bits                                   (abs)        00111
_CM1CON1                                       (abs)        00112
_CM2CON0                                       (abs)        00113
_CM2CON0bits                                   (abs)        00113
_CM2CON1                                       (abs)        00114
_CMOUTbits                                     (abs)        00115
_CMP1_ISR                                      text66       00CDC
_CMP1_Initialize                               text32       00D8E
_CMP2_ISR                                      text65       00CDF
_CMP2_Initialize                               text31       00D9A
_Controle_Descer                               text42       00DA6
_Controle_Parar                                text2        00D79
_Controle_Subir                                text41       00DB4
_EUSART_DefaultErrorHandler                    text63       00CE2
_EUSART_DefaultFramingErrorHandler             text62       00CD9
_EUSART_DefaultOverrunErrorHandler             text61       00CE6
_EUSART_ErrorHandler                           nvBANK1      000D3
_EUSART_FramingErrorHandler                    nvBANK1      000D7
_EUSART_Initialize                             text25       00682
_EUSART_OverrunErrorHandler                    nvBANK1      000D5
_EUSART_Read                                   text4        00E9D
_EUSART_Receive_ISR                            text60       00743
_EUSART_RxDataHandler                          text64       00E22
_EUSART_RxDefaultInterruptHandler              nvBANK1      000DD
_EUSART_SetErrorHandler                        text30       00D15
_EUSART_SetFramingErrorHandler                 text29       00D1E
_EUSART_SetOverrunErrorHandler                 text28       00D27
_EUSART_SetRxInterruptHandler                  text27       00D30
_EUSART_SetTxInterruptHandler                  text26       00D39
_EUSART_Transmit_ISR                           text59       00E7F
_EUSART_TxDefaultInterruptHandler              nvBANK1      000DF
_EUSART_Write                                  text10       00EC2
_EUSART_is_rx_ready                            text40       00D0C
_Existe_Chamada_Abaixo                         text39       00F11
_Existe_Chamada_Acima                          text38       00704
_FVRCON                                        (abs)        00117
_FVRCONbits                                    (abs)        00117
_FVR_Initialize                                text24       00CEA
_INTCONbits                                    (abs)        0000B
_INTERRUPT_InterruptManager                    intentry     00004
_IOCBF0_DefaultInterruptHandler                text58       00CDA
_IOCBF0_ISR                                    text57       00DC2
_IOCBF0_InterruptHandler                       nvBANK1      000E3
_IOCBF0_SetInterruptHandler                    text22       00D42
_IOCBF3_DefaultInterruptHandler                text56       00CDB
_IOCBF3_ISR                                    text55       00DD1
_IOCBF3_InterruptHandler                       nvBANK1      000E1
_IOCBF3_SetInterruptHandler                    text21       00D4B
_IOCBFbits                                     (abs)        00396
_IOCBNbits                                     (abs)        00395
_IOCBPbits                                     (abs)        00394
_LATA                                          (abs)        0010C
_LATAbits                                      (abs)        0010C
_LATB                                          (abs)        0010D
_LATBbits                                      (abs)        0010D
_LUT_Andar                                     stringtext2  00814
_LUT_dir                                       stringtext1  00800
_LUT_percurso                                  stringtext4  00830
_Limpar_Chamada_Atual                          text37       00F6C
_MAX7219_Write                                 text36       00E4A
_MatrizInicializa                              text35       0077C
_MatrizLed                                     text34       00492
_OPTION_REG                                    (abs)        00095
_OPTION_REGbits                                (abs)        00095
_OSCCON                                        (abs)        00099
_OSCILLATOR_Initialize                         text23       00CFD
_OSCTUNE                                       (abs)        00098
_PIE1bits                                      (abs)        00091
_PIE2bits                                      (abs)        00092
_PIE3bits                                      (abs)        00093
_PIN_MANAGER_IOC                               text54       00DFE
_PIN_MANAGER_Initialize                        text20       00F9B
_PIR1bits                                      (abs)        00011
_PIR2bits                                      (abs)        00012
_PIR3bits                                      (abs)        00013
_PORTBbits                                     (abs)        0000D
_PR2                                           (abs)        0001B
_PR4                                           (abs)        00416
_PWM3_Initialize                               text19       00D54
_PWM3_LoadDutyValue                            text43       007E4
_RCREG                                         (abs)        00199
_RCSTA                                         (abs)        0019D
_RCSTAbits                                     (abs)        0019D
_SENSORES_CalcularVelocidade                   text46       003AE
_SPBRGH                                        (abs)        0019C
_SPBRGL                                        (abs)        0019B
_SPI1_Initialize                               text18       00D83
_SSP1ADD                                       (abs)        00212
_SSP1BUF                                       (abs)        00211
_SSP1CON1                                      (abs)        00215
_SSP1CON1bits                                  (abs)        00215
_SSP1CON2                                      (abs)        00216
_SSP1STAT                                      (abs)        00214
_SYSTEM_Initialize                             text11       00EE9
_T2CON                                         (abs)        0001C
_T2CONbits                                     (abs)        0001C
_T4CON                                         (abs)        00417
_T4CONbits                                     (abs)        00417
_TMR0                                          (abs)        00015
_TMR0_Initialize                               text17       00D6F
_TMR0_ReadTimer                                text50       00CF2
_TMR2                                          (abs)        0001A
_TMR2_DefaultInterruptHandler                  text53       00002
_TMR2_ISR                                      text52       00DE0
_TMR2_Initialize                               text15       00E0F
_TMR2_InterruptHandler                         nvBANK1      000DB
_TMR2_SetInterruptHandler                      text16       00D5D
_TMR4                                          (abs)        00415
_TMR4_DefaultInterruptHandler                  text47       00003
_TMR4_ISR                                      text45       00DEF
_TMR4_Initialize                               text13       00E36
_TMR4_InterruptHandler                         nvBANK1      000D9
_TMR4_SetInterruptHandler                      text14       00D66
_TRISA                                         (abs)        0008C
_TRISB                                         (abs)        0008D
_TRISBbits                                     (abs)        0008D
_TXREG                                         (abs)        0019A
_TXSTA                                         (abs)        0019E
_TXSTAbits                                     (abs)        0019E
_UART_EnviaDados                               text5        00253
_UART_EnviaDados$2416                          cstackBANK1  000C8
_UART_EnviaDados$2417                          cstackBANK1  000C6
_UART_RecebePedido                             text3        00F3E
_Verificar_Sensores                            text1        006C4
_WDTCON                                        (abs)        00097
_WDT_Initialize                                text12       00CEE
_WPUA                                          (abs)        0020C
_WPUB                                          (abs)        0020D
__H__absolute__                                __absolute__ 00000
__Habs1                                        abs1         00000
__Hbank0                                       bank0        00000
__Hbank1                                       bank1        00000
__Hbank10                                      bank10       00000
__Hbank11                                      bank11       00000
__Hbank12                                      bank12       00000
__Hbank13                                      bank13       00000
__Hbank14                                      bank14       00000
__Hbank15                                      bank15       00000
__Hbank16                                      bank16       00000
__Hbank17                                      bank17       00000
__Hbank18                                      bank18       00000
__Hbank19                                      bank19       00000
__Hbank2                                       bank2        00000
__Hbank20                                      bank20       00000
__Hbank21                                      bank21       00000
__Hbank22                                      bank22       00000
__Hbank23                                      bank23       00000
__Hbank24                                      bank24       00000
__Hbank25                                      bank25       00000
__Hbank26                                      bank26       00000
__Hbank27                                      bank27       00000
__Hbank28                                      bank28       00000
__Hbank29                                      bank29       00000
__Hbank3                                       bank3        00000
__Hbank30                                      bank30       00000
__Hbank31                                      bank31       00000
__Hbank4                                       bank4        00000
__Hbank5                                       bank5        00000
__Hbank6                                       bank6        00000
__Hbank7                                       bank7        00000
__Hbank8                                       bank8        00000
__Hbank9                                       bank9        00000
__Hbigram                                      bigram       00000
__HbssBANK0                                    bssBANK0     00000
__HbssBANK1                                    bssBANK1     00000
__HbssCOMMON                                   bssCOMMON    00000
__Hcinit                                       cinit        00089
__Hclrtext                                     clrtext      00000
__Hcode                                        code         00000
__Hcommon                                      common       00000
__Hconfig                                      config       08009
__HcstackBANK0                                 cstackBANK0  00000
__HcstackBANK1                                 cstackBANK1  00000
__HcstackCOMMON                                cstackCOMMON 00000
__Heeprom_data                                 eeprom_data  00000
__Hend_init                                    end_init     00074
__Hfunctab                                     functab      00000
__Hheap                                        heap         00000
__Hinit                                        init         00072
__Hintentry                                    intentry     00072
__Hmaintext                                    maintext     00000
__HnvBANK1                                     nvBANK1      00000
__Hpowerup                                     powerup      00000
__Hram                                         ram          00000
__Hreset_vec                                   reset_vec    00002
__Hsfr0                                        sfr0         00000
__Hsfr1                                        sfr1         00000
__Hsfr10                                       sfr10        00000
__Hsfr11                                       sfr11        00000
__Hsfr12                                       sfr12        00000
__Hsfr13                                       sfr13        00000
__Hsfr14                                       sfr14        00000
__Hsfr15                                       sfr15        00000
__Hsfr16                                       sfr16        00000
__Hsfr17                                       sfr17        00000
__Hsfr18                                       sfr18        00000
__Hsfr19                                       sfr19        00000
__Hsfr2                                        sfr2         00000
__Hsfr20                                       sfr20        00000
__Hsfr21                                       sfr21        00000
__Hsfr22                                       sfr22        00000
__Hsfr23                                       sfr23        00000
__Hsfr24                                       sfr24        00000
__Hsfr25                                       sfr25        00000
__Hsfr26                                       sfr26        00000
__Hsfr27                                       sfr27        00000
__Hsfr28                                       sfr28        00000
__Hsfr29                                       sfr29        00000
__Hsfr3                                        sfr3         00000
__Hsfr30                                       sfr30        00000
__Hsfr31                                       sfr31        00000
__Hsfr4                                        sfr4         00000
__Hsfr5                                        sfr5         00000
__Hsfr6                                        sfr6         00000
__Hsfr7                                        sfr7         00000
__Hsfr8                                        sfr8         00000
__Hsfr9                                        sfr9         00000
__Hsivt                                        sivt         00072
__Hspace_0                                     (abs)        01000
__Hspace_1                                     (abs)        000E5
__Hspace_2                                     (abs)        00000
__Hspace_3                                     (abs)        00000
__Hspace_4                                     (abs)        10010
__Hstack                                       stack        00000
__Hstrings                                     strings      00000
__Hstringtext1                                 stringtext1  00000
__Hstringtext2                                 stringtext2  00000
__Hstringtext3                                 stringtext3  00000
__Hstringtext4                                 stringtext4  00000
__Hstringtext5                                 stringtext5  00000
__Htext                                        text         00000
__L__absolute__                                __absolute__ 00000
__Labs1                                        abs1         00000
__Lbank0                                       bank0        00000
__Lbank1                                       bank1        00000
__Lbank10                                      bank10       00000
__Lbank11                                      bank11       00000
__Lbank12                                      bank12       00000
__Lbank13                                      bank13       00000
__Lbank14                                      bank14       00000
__Lbank15                                      bank15       00000
__Lbank16                                      bank16       00000
__Lbank17                                      bank17       00000
__Lbank18                                      bank18       00000
__Lbank19                                      bank19       00000
__Lbank2                                       bank2        00000
__Lbank20                                      bank20       00000
__Lbank21                                      bank21       00000
__Lbank22                                      bank22       00000
__Lbank23                                      bank23       00000
__Lbank24                                      bank24       00000
__Lbank25                                      bank25       00000
__Lbank26                                      bank26       00000
__Lbank27                                      bank27       00000
__Lbank28                                      bank28       00000
__Lbank29                                      bank29       00000
__Lbank3                                       bank3        00000
__Lbank30                                      bank30       00000
__Lbank31                                      bank31       00000
__Lbank4                                       bank4        00000
__Lbank5                                       bank5        00000
__Lbank6                                       bank6        00000
__Lbank7                                       bank7        00000
__Lbank8                                       bank8        00000
__Lbank9                                       bank9        00000
__Lbigram                                      bigram       00000
__LbssBANK0                                    bssBANK0     00000
__LbssBANK1                                    bssBANK1     00000
__LbssCOMMON                                   bssCOMMON    00000
__Lcinit                                       cinit        00074
__Lclrtext                                     clrtext      00000
__Lcode                                        code         00000
__Lcommon                                      common       00000
__Lconfig                                      config       00000
__LcstackBANK0                                 cstackBANK0  00000
__LcstackBANK1                                 cstackBANK1  00000
__LcstackCOMMON                                cstackCOMMON 00000
__Leeprom_data                                 eeprom_data  00000
__Lend_init                                    end_init     00072
__Lfunctab                                     functab      00000
__Lheap                                        heap         00000
__Linit                                        init         00072
__Lintentry                                    intentry     00004
__Lmaintext                                    maintext     00000
__LnvBANK1                                     nvBANK1      00000
__Lpowerup                                     powerup      00000
__Lram                                         ram          00000
__Lreset_vec                                   reset_vec    00000
__Lsfr0                                        sfr0         00000
__Lsfr1                                        sfr1         00000
__Lsfr10                                       sfr10        00000
__Lsfr11                                       sfr11        00000
__Lsfr12                                       sfr12        00000
__Lsfr13                                       sfr13        00000
__Lsfr14                                       sfr14        00000
__Lsfr15                                       sfr15        00000
__Lsfr16                                       sfr16        00000
__Lsfr17                                       sfr17        00000
__Lsfr18                                       sfr18        00000
__Lsfr19                                       sfr19        00000
__Lsfr2                                        sfr2         00000
__Lsfr20                                       sfr20        00000
__Lsfr21                                       sfr21        00000
__Lsfr22                                       sfr22        00000
__Lsfr23                                       sfr23        00000
__Lsfr24                                       sfr24        00000
__Lsfr25                                       sfr25        00000
__Lsfr26                                       sfr26        00000
__Lsfr27                                       sfr27        00000
__Lsfr28                                       sfr28        00000
__Lsfr29                                       sfr29        00000
__Lsfr3                                        sfr3         00000
__Lsfr30                                       sfr30        00000
__Lsfr31                                       sfr31        00000
__Lsfr4                                        sfr4         00000
__Lsfr5                                        sfr5         00000
__Lsfr6                                        sfr6         00000
__Lsfr7                                        sfr7         00000
__Lsfr8                                        sfr8         00000
__Lsfr9                                        sfr9         00000
__Lsivt                                        sivt         00072
__Lspace_0                                     (abs)        00000
__Lspace_1                                     (abs)        00000
__Lspace_2                                     (abs)        00000
__Lspace_3                                     (abs)        00000
__Lspace_4                                     (abs)        00000
__Lstack                                       stack        00000
__Lstrings                                     strings      00000
__Lstringtext1                                 stringtext1  00000
__Lstringtext2                                 stringtext2  00000
__Lstringtext3                                 stringtext3  00000
__Lstringtext4                                 stringtext4  00000
__Lstringtext5                                 stringtext5  00000
__Ltext                                        text         00000
__S0                                           (abs)        01000
__S1                                           (abs)        000E5
__S3                                           (abs)        00000
___awdiv                                       text9        00522
___awdiv@counter                               cstackBANK1  000C0
___awdiv@dividend                              cstackBANK0  0005A
___awdiv@divisor                               cstackBANK0  00058
___awdiv@quotient                              cstackBANK1  000C2
___awdiv@sign                                  cstackBANK1  000C1
___awmod                                       text8        005E8
___awmod@counter                               cstackBANK0  00056
___awmod@dividend                              cstackBANK0  00054
___awmod@divisor                               cstackBANK0  00052
___awmod@sign                                  cstackBANK0  00057
___heap_hi                                     (abs)        00000
___heap_lo                                     (abs)        00000
___int_sp                                      stack        00000
___int_stack_hi                                stack        00000
___int_stack_lo                                stack        00000
___latbits                                     (abs)        00001
___lldiv                                       text49       00590
___lldiv@counter                               cstackCOMMON 0007C
___lldiv@dividend                              cstackCOMMON 00074
___lldiv@divisor                               cstackCOMMON 00070
___lldiv@quotient                              cstackCOMMON 00078
___lmul                                        text48       00FCD
___lmul@multiplicand                           cstackCOMMON 00074
___lmul@multiplier                             cstackCOMMON 00070
___lmul@product                                cstackCOMMON 00078
___lwdiv                                       text7        0063A
___lwdiv@counter                               cstackBANK1  000C0
___lwdiv@dividend                              cstackBANK0  00059
___lwdiv@divisor                               cstackBANK0  00057
___lwdiv@quotient                              cstackBANK1  000C1
___lwmod                                       text6        007B1
___lwmod@counter                               cstackBANK0  00056
___lwmod@dividend                              cstackBANK0  00054
___lwmod@divisor                               cstackBANK0  00052
___sp                                          stack        00000
___stack_hi                                    stack        00000
___stack_lo                                    stack        00000
___stackhi                                     (abs)        00000
___stacklo                                     (abs)        00000
__end_of_ADC_GetConversion                     text51       00E7F
__end_of_ADC_Initialize                        text33       00D0C
__end_of_CMP1_ISR                              text66       00CDF
__end_of_CMP1_Initialize                       text32       00D9A
__end_of_CMP2_ISR                              text65       00CE2
__end_of_CMP2_Initialize                       text31       00DA6
__end_of_Controle_Descer                       text42       00DB4
__end_of_Controle_Parar                        text2        00D83
__end_of_Controle_Subir                        text41       00DC2
__end_of_EUSART_DefaultErrorHandler            text63       00CE6
__end_of_EUSART_DefaultFramingErrorHandler     text62       00CDA
__end_of_EUSART_DefaultOverrunErrorHandler     text61       00CEA
__end_of_EUSART_Initialize                     text25       006C4
__end_of_EUSART_Read                           text4        00EC2
__end_of_EUSART_Receive_ISR                    text60       0077C
__end_of_EUSART_RxDataHandler                  text64       00E36
__end_of_EUSART_SetErrorHandler                text30       00D1E
__end_of_EUSART_SetFramingErrorHandler         text29       00D27
__end_of_EUSART_SetOverrunErrorHandler         text28       00D30
__end_of_EUSART_SetRxInterruptHandler          text27       00D39
__end_of_EUSART_SetTxInterruptHandler          text26       00D42
__end_of_EUSART_Transmit_ISR                   text59       00E9D
__end_of_EUSART_Write                          text10       00EE9
__end_of_EUSART_is_rx_ready                    text40       00D15
__end_of_Existe_Chamada_Abaixo                 text39       00F3E
__end_of_Existe_Chamada_Acima                  text38       00743
__end_of_FVR_Initialize                        text24       00CEE
__end_of_INTERRUPT_InterruptManager            intentry     00072
__end_of_IOCBF0_DefaultInterruptHandler        text58       00CDB
__end_of_IOCBF0_ISR                            text57       00DD1
__end_of_IOCBF0_SetInterruptHandler            text22       00D4B
__end_of_IOCBF3_DefaultInterruptHandler        text56       00CDC
__end_of_IOCBF3_ISR                            text55       00DE0
__end_of_IOCBF3_SetInterruptHandler            text21       00D54
__end_of_LUT_Andar                             stringtext2  00824
__end_of_LUT_dir                               stringtext1  00814
__end_of_LUT_percurso                          stringtext4  00834
__end_of_Limpar_Chamada_Atual                  text37       00F9B
__end_of_MAX7219_Write                         text36       00E64
__end_of_MatrizInicializa                      text35       007B1
__end_of_MatrizLed                             text34       00522
__end_of_OSCILLATOR_Initialize                 text23       00D04
__end_of_PIN_MANAGER_IOC                       text54       00E0F
__end_of_PIN_MANAGER_Initialize                text20       00FCD
__end_of_PWM3_Initialize                       text19       00D5D
__end_of_PWM3_LoadDutyValue                    text43       00800
__end_of_SENSORES_CalcularVelocidade           text46       00492
__end_of_SPI1_Initialize                       text18       00D8E
__end_of_SYSTEM_Initialize                     text11       00F11
__end_of_TMR0_Initialize                       text17       00D79
__end_of_TMR0_ReadTimer                        text50       00CF7
__end_of_TMR2_DefaultInterruptHandler          text53       00003
__end_of_TMR2_ISR                              text52       00DEF
__end_of_TMR2_Initialize                       text15       00E22
__end_of_TMR2_SetInterruptHandler              text16       00D66
__end_of_TMR4_DefaultInterruptHandler          text47       00004
__end_of_TMR4_ISR                              text45       00DFE
__end_of_TMR4_Initialize                       text13       00E4A
__end_of_TMR4_SetInterruptHandler              text14       00D6F
__end_of_UART_EnviaDados                       text5        003AE
__end_of_UART_RecebePedido                     text3        00F6C
__end_of_Verificar_Sensores                    text1        00704
__end_of_WDT_Initialize                        text12       00CF2
__end_of___awdiv                               text9        00590
__end_of___awmod                               text8        0063A
__end_of___lldiv                               text49       005E8
__end_of___lmul                                text48       01000
__end_of___lwdiv                               text7        00682
__end_of___lwmod                               text6        007E4
__end_of__initialization                       cinit        00085
__end_of_main                                  maintext     00253
__end_of_matrix_conf                           stringtext3  00830
__end_of_spi1_configuration                    stringtext5  00838
__initialization                               cinit        00074
__pbssBANK0                                    bssBANK0     00020
__pbssBANK1                                    bssBANK1     000A0
__pbssCOMMON                                   bssCOMMON    0007D
__pcstackBANK0                                 cstackBANK0  0003E
__pcstackBANK1                                 cstackBANK1  000C0
__pcstackCOMMON                                cstackCOMMON 00070
__pintentry                                    intentry     00004
__pmaintext                                    maintext     00089
__pnvBANK1                                     nvBANK1      000D3
__pstringtext1                                 stringtext1  00800
__pstringtext2                                 stringtext2  00814
__pstringtext3                                 stringtext3  00824
__pstringtext4                                 stringtext4  00830
__pstringtext5                                 stringtext5  00834
__ptext1                                       text1        006C4
__ptext10                                      text10       00EC2
__ptext11                                      text11       00EE9
__ptext12                                      text12       00CEE
__ptext13                                      text13       00E36
__ptext14                                      text14       00D66
__ptext15                                      text15       00E0F
__ptext16                                      text16       00D5D
__ptext17                                      text17       00D6F
__ptext18                                      text18       00D83
__ptext19                                      text19       00D54
__ptext2                                       text2        00D79
__ptext20                                      text20       00F9B
__ptext21                                      text21       00D4B
__ptext22                                      text22       00D42
__ptext23                                      text23       00CFD
__ptext24                                      text24       00CEA
__ptext25                                      text25       00682
__ptext26                                      text26       00D39
__ptext27                                      text27       00D30
__ptext28                                      text28       00D27
__ptext29                                      text29       00D1E
__ptext3                                       text3        00F3E
__ptext30                                      text30       00D15
__ptext31                                      text31       00D9A
__ptext32                                      text32       00D8E
__ptext33                                      text33       00D04
__ptext34                                      text34       00492
__ptext35                                      text35       0077C
__ptext36                                      text36       00E4A
__ptext37                                      text37       00F6C
__ptext38                                      text38       00704
__ptext39                                      text39       00F11
__ptext4                                       text4        00E9D
__ptext40                                      text40       00D0C
__ptext41                                      text41       00DB4
__ptext42                                      text42       00DA6
__ptext43                                      text43       007E4
__ptext45                                      text45       00DEF
__ptext46                                      text46       003AE
__ptext47                                      text47       00003
__ptext48                                      text48       00FCD
__ptext49                                      text49       00590
__ptext5                                       text5        00253
__ptext50                                      text50       00CF2
__ptext51                                      text51       00E64
__ptext52                                      text52       00DE0
__ptext53                                      text53       00002
__ptext54                                      text54       00DFE
__ptext55                                      text55       00DD1
__ptext56                                      text56       00CDB
__ptext57                                      text57       00DC2
__ptext58                                      text58       00CDA
__ptext59                                      text59       00E7F
__ptext6                                       text6        007B1
__ptext60                                      text60       00743
__ptext61                                      text61       00CE6
__ptext62                                      text62       00CD9
__ptext63                                      text63       00CE2
__ptext64                                      text64       00E22
__ptext65                                      text65       00CDF
__ptext66                                      text66       00CDC
__ptext7                                       text7        0063A
__ptext8                                       text8        005E8
__ptext9                                       text9        00522
_andar_atual                                   bssBANK0     00033
_andar_destino                                 bssBANK0     00032
_buffer_destino                                bssBANK0     0003C
_buffer_origem                                 bssBANK0     0003D
_chamadas_descida                              bssBANK1     000B8
_chamadas_subida                               bssBANK0     00020
_contador_espera                               bssBANK0     0002C
_contador_telemetria                           bssBANK1     000BC
_estado_atual                                  bssBANK0     00034
_estado_motor                                  bssBANK0     00031
_eusartRxBuffer                                bssBANK1     000A8
_eusartRxCount                                 bssBANK0     00036
_eusartRxHead                                  bssCOMMON    0007D
_eusartRxLastError                             bssBANK0     00035
_eusartRxStatusBuffer                          bssBANK1     000A0
_eusartRxTail                                  bssBANK0     00037
_eusartTxBuffer                                bssBANK1     000B0
_eusartTxBufferRemaining                       bssBANK0     00038
_eusartTxHead                                  bssBANK0     0003A
_eusartTxTail                                  bssBANK0     00039
_main                                          maintext     00089
_main$1416                                     cstackBANK1  000CC
_matrix_conf                                   stringtext3  00824
_posicao_mm                                    bssBANK0     00030
_solicitacoes                                  bssBANK0     00024
_spi1_configuration                            stringtext5  00834
_temperatura_ponte                             bssBANK0     0002A
_timer0ReloadVal                               bssBANK0     0003B
_total_pulsos                                  bssBANK0     00028
_ultimo_valor_timer0                           bssBANK0     0002E
_velocidade_atual                              bssBANK0     0002F
btemp                                          (abs)        0007E
clear_ram0                                     clrtext      00CF7
end_of_initialization                          cinit        00085
int$flags                                      (abs)        0007E
intlevel0                                      functab      00000
intlevel1                                      functab      00000
intlevel2                                      functab      00000
intlevel3                                      functab      00000
intlevel4                                      functab      00000
intlevel5                                      functab      00000
main@destino                                   cstackBANK1  000D1
main@i                                         cstackBANK1  000CD
main@origem                                    cstackBANK1  000CF
reset_vec                                      reset_vec    00000
start                                          init         00072
start_initialization                           cinit        00074
wtemp0                                         (abs)        0007E


MODULE INFORMATION

Module		Function		Class		Link	Load	Size
mcc_generated_files/cmp1.c
		_CMP1_ISR      		CODE           	0CDC	0000	3
		_CMP1_Initialize		CODE           	0D8E	0000	12

mcc_generated_files/cmp1.c estimated size: 15

mcc_generated_files/fvr.c
		_FVR_Initialize		CODE           	0CEA	0000	4

mcc_generated_files/fvr.c estimated size: 4

mcc_generated_files/tmr4.c
		_TMR4_ISR      		CODE           	0DEF	0000	15
		_TMR4_Initialize		CODE           	0E36	0000	20
		_TMR4_SetInterruptHandler		CODE           	0D66	0000	9
		_TMR4_DefaultInterruptHandler		CODE           	0003	0000	1

mcc_generated_files/tmr4.c estimated size: 45

mcc_generated_files/tmr2.c
		_TMR2_ISR      		CODE           	0DE0	0000	15
		_TMR2_Initialize		CODE           	0E0F	0000	19
		_TMR2_SetInterruptHandler		CODE           	0D5D	0000	9
		_TMR2_DefaultInterruptHandler		CODE           	0002	0000	1

mcc_generated_files/tmr2.c estimated size: 44

mcc_generated_files/interrupt_manager.c
		_INTERRUPT_InterruptManager		CODE           	0004	0000	110

mcc_generated_files/interrupt_manager.c estimated size: 110

mcc_generated_files/tmr0.c
		_TMR0_ReadTimer		CODE           	0CF2	0000	5
		_TMR0_Initialize		CODE           	0D6F	0000	10

mcc_generated_files/tmr0.c estimated size: 15

mcc_generated_files/pin_manager.c
		_IOCBF3_DefaultInterruptHandler		CODE           	0CDB	0000	1
		_IOCBF0_ISR    		CODE           	0DC2	0000	15
		_PIN_MANAGER_Initialize		CODE           	0F9B	0000	50
		_IOCBF3_ISR    		CODE           	0DD1	0000	15
		_IOCBF0_SetInterruptHandler		CODE           	0D42	0000	9
		_IOCBF3_SetInterruptHandler		CODE           	0D4B	0000	9
		_PIN_MANAGER_IOC		CODE           	0DFE	0000	17
		_IOCBF0_DefaultInterruptHandler		CODE           	0CDA	0000	1

mcc_generated_files/pin_manager.c estimated size: 117

mcc_generated_files/spi1.c
		_SPI1_Initialize		CODE           	0D83	0000	11

mcc_generated_files/spi1.c estimated size: 11

mcc_generated_files/adc.c
		_ADC_Initialize		CODE           	0D04	0000	8
		_ADC_GetConversion		CODE           	0E64	0000	27

mcc_generated_files/adc.c estimated size: 35

C:\Program Files\Microchip\xc8\v3.00\pic\sources\c99\common\lwmod.c
		___lwmod       		CODE           	07B1	0000	51

C:\Program Files\Microchip\xc8\v3.00\pic\sources\c99\common\lwmod.c estimated size: 51

C:\Program Files\Microchip\xc8\v3.00\pic\sources\c99\common\awmod.c
		___awmod       		CODE           	05E8	0000	82

C:\Program Files\Microchip\xc8\v3.00\pic\sources\c99\common\awmod.c estimated size: 82

mcc_generated_files/cmp2.c
		_CMP2_ISR      		CODE           	0CDF	0000	3
		_CMP2_Initialize		CODE           	0D9A	0000	12

mcc_generated_files/cmp2.c estimated size: 15

motor.c
		_Controle_Parar		CODE           	0D79	0000	10
		_Controle_Subir		CODE           	0DB4	0000	14
		_SENSORES_CalcularVelocidade		CODE           	03AE	0000	228
		_Controle_Descer		CODE           	0DA6	0000	14
		_Verificar_Sensores		CODE           	06C4	0000	64

motor.c estimated size: 330

C:\Program Files\Microchip\xc8\v3.00\pic\sources\c99\common\Umul32.c
		___lmul        		CODE           	0FCD	0000	51

C:\Program Files\Microchip\xc8\v3.00\pic\sources\c99\common\Umul32.c estimated size: 51

C:\Program Files\Microchip\xc8\v3.00\pic\sources\c99\common\__lldiv.c
		___lldiv       		CODE           	0590	0000	88

C:\Program Files\Microchip\xc8\v3.00\pic\sources\c99\common\__lldiv.c estimated size: 88

shared
		_LUT_percurso  		STRCODE        	0830	0000	4
		_LUT_dir       		STRCODE        	0800	0000	20
		_LUT_Andar     		STRCODE        	0814	0000	16
		__initialization		CODE           	0074	0000	17
		_matrix_conf   		STRCODE        	0824	0000	12
		_spi1_configuration		STRCODE        	0834	0000	4

shared estimated size: 73

mcc_generated_files/mcc.c
		_WDT_Initialize		CODE           	0CEE	0000	4
		_OSCILLATOR_Initialize		CODE           	0CFD	0000	7
		_SYSTEM_Initialize		CODE           	0EE9	0000	40

mcc_generated_files/mcc.c estimated size: 51

mcc_generated_files/pwm3.c
		_PWM3_Initialize		CODE           	0D54	0000	9
		_PWM3_LoadDutyValue		CODE           	07E4	0000	28

mcc_generated_files/pwm3.c estimated size: 37

C:\Program Files\Microchip\xc8\v3.00\pic\sources\c99\common\lwdiv.c
		___lwdiv       		CODE           	063A	0000	72

C:\Program Files\Microchip\xc8\v3.00\pic\sources\c99\common\lwdiv.c estimated size: 72

C:\Program Files\Microchip\xc8\v3.00\pic\sources\c99\common\awdiv.c
		___awdiv       		CODE           	0522	0000	110

C:\Program Files\Microchip\xc8\v3.00\pic\sources\c99\common\awdiv.c estimated size: 110

mcc_generated_files/eusart.c
		_EUSART_SetRxInterruptHandler		CODE           	0D30	0000	9
		_EUSART_SetTxInterruptHandler		CODE           	0D39	0000	9
		_EUSART_Read   		CODE           	0E9D	0000	37
		_EUSART_DefaultOverrunErrorHandler		CODE           	0CE6	0000	4
		_EUSART_Write  		CODE           	0EC2	0000	39
		_EUSART_DefaultErrorHandler		CODE           	0CE2	0000	4
		_EUSART_Transmit_ISR		CODE           	0E7F	0000	30
		_EUSART_Initialize		CODE           	0682	0000	66
		_EUSART_SetFramingErrorHandler		CODE           	0D1E	0000	9
		_EUSART_SetErrorHandler		CODE           	0D15	0000	9
		_EUSART_SetOverrunErrorHandler		CODE           	0D27	0000	9
		_EUSART_Receive_ISR		CODE           	0743	0000	57
		_EUSART_RxDataHandler		CODE           	0E22	0000	20
		_EUSART_DefaultFramingErrorHandler		CODE           	0CD9	0000	1
		_EUSART_is_rx_ready		CODE           	0D0C	0000	9

mcc_generated_files/eusart.c estimated size: 312

main.c
		_Existe_Chamada_Acima		CODE           	0704	0000	63
		_main          		CODE           	0089	0000	458
		_Existe_Chamada_Abaixo		CODE           	0F11	0000	45
		_Limpar_Chamada_Atual		CODE           	0F6C	0000	47

main.c estimated size: 613

comm.c
		_MatrizLed     		CODE           	0492	0000	144
		_MatrizInicializa		CODE           	077C	0000	53
		_UART_RecebePedido		CODE           	0F3E	0000	46
		_UART_EnviaDados		CODE           	0253	0000	347
		_MAX7219_Write 		CODE           	0E4A	0000	26

comm.c estimated size: 616

