Microchip MPLAB XC8 Compiler V3.00

Linker command line:

-W-3 \
  --edf=C:\Program Files\Microchip\xc8\v3.00\pic\dat\20241204225717_en.msgs \
  -cn -h+dist/default/debug\Trabalho_final.X.debug.sym \
  --cmf=dist/default/debug\Trabalho_final.X.debug.cmf -z -Q16F1827 \
  -oC:\Users\GABRIEL\AppData\Local\Temp\xcAsd24.\driver_tmp_3.o \
  --defsym=__MPLAB_BUILD=1 --fixupoverflow=error \
  -Mdist/default/debug/Trabalho_final.X.debug.map \
  --md=C:\Users\GABRIEL\AppData\Local\Temp\xcAsd24.\driver_tmp_0.dat -E1 \
  -ver=XC8 Compiler -ACODE=00h-07FFhx2 -ASTRCODE=00h-0FFFh \
  -ASTRING=00h-0FFhx16 -ACONST=00h-0FFhx16 -AENTRY=00h-0FFhx16 \
  -ACOMMON=070h-07Fh -ABANK0=020h-06Fh -ABANK1=0A0h-0EFh \
  -ABANK2=0120h-016Fh -ABANK3=01A0h-01EFh -ABANK4=0220h-024Fh \
  -ABIGRAM=02000h-0216Fh \
  -ARAM=020h-06Fh,0A0h-0EFh,0120h-016Fh,01A0h-01EFh,0220h-024Fh \
  -AABS1=020h-07Fh,0A0h-0EFh,0120h-016Fh,01A0h-01EFh,0220h-024Fh \
  -ASFR0=00h-01Fh -ASFR1=080h-09Fh -ASFR2=0100h-011Fh -ASFR3=0180h-019Fh \
  -ASFR4=0200h-021Fh -ASFR5=0280h-02EFh -ASFR6=0300h-036Fh \
  -ASFR7=0380h-03EFh -ASFR8=0400h-046Fh -ASFR9=0480h-04EFh \
  -ASFR10=0500h-056Fh -ASFR11=0580h-05EFh -ASFR12=0600h-066Fh \
  -ASFR13=0680h-06EFh -ASFR14=0700h-076Fh -ASFR15=0780h-07EFh \
  -ASFR16=0800h-086Fh -ASFR17=0880h-08EFh -ASFR18=0900h-096Fh \
  -ASFR19=0980h-09EFh -ASFR20=0A00h-0A6Fh -ASFR21=0A80h-0AEFh \
  -ASFR22=0B00h-0B6Fh -ASFR23=0B80h-0BEFh -ASFR24=0C00h-0C6Fh \
  -ASFR25=0C80h-0CEFh -ASFR26=0D00h-0D6Fh -ASFR27=0D80h-0DEFh \
  -ASFR28=0E00h-0E6Fh -ASFR29=0E80h-0EEFh -ASFR30=0F00h-0F6Fh \
  -ASFR31=0F80h-0FEFh -ACONFIG=08007h-08008h -DCONFIG=2 \
  -AIDLOC=08000h-08003h -DIDLOC=2 -AEEDATA=00h-0FFh/0F000h \
  -peeprom_data=EEDATA -DEEDATA=2 -DCODE=2 -DSTRCODE=2 -DSTRING=2 -DCONST=2 \
  -DENTRY=2 -preset_vec=00h,intentry=04h,sivt,init,end_init -ppowerup=CODE \
  -pcinit=CODE -pfunctab=ENTRY -k \
  C:\Users\GABRIEL\AppData\Local\Temp\xcAsd24.\driver_tmp_15.o \
  dist/default/debug\Trabalho_final.X.debug.o 

Object code version is 3.11

Machine type is 16F1827



                Name                               Link     Load   Length Selector   Space Scale
C:\Users\GABRIEL\AppData\Local\Temp\xcAsd24.\driver_tmp_15.o
                end_init                             72       72        2        8       0
                reset_vec                             0        0        2        0       0
                config                             8007     8007        2        0       4
dist/default/debug\Trabalho_final.X.debug.o
                cinit                                74       74       15        8       0
                intentry                              4        4       6E        8       0
                config                             8007     8007        2        0       4
                text58                              F0D      F0D        3     1E1A       0
                text57                              F10      F10        3     1E20       0
                text56                              793      793       14        8       0
                text55                              F13      F13        4     1E26       0
                text54                              F0A      F0A        1     1E14       0
                text53                              F17      F17        4     1E2E       0
                text52                              605      605       39        8       0
                text51                              745      745       1E        8       0
                text50                              F0B      F0B        1     1E16       0
                text49                              FF1      FF1        F     1FE2       0
                text48                              F0C      F0C        1     1E18       0
                text47                              7EA      7EA        F      FB6       0
                text46                              7BA      7BA       11        8       0
                text45                                2        2        1        0       0
                text44                              FC7      FC7        E     1F8E       0
                text43                              F23      F23        5     1E46       0
                text42                              4D9      4D9       58        8       0
                text41                              63E      63E       33        8       0
                text40                                3        3        1        6       0
                text39                              3D4      3D4       A9        8       0
                text38                              7DB      7DB        F      FB6       0
                text36                              322      322       B2        8       0
                text35                              763      763       1C        8       0
                text34                              FD5      FD5        E     1FAA       0
                text33                              FE3      FE3        E     1FC6       0
                text32                              F48      F48        9     1E90       0
                text31                              F40      F40        8     1E80       0
                text30                              FAF      FAF        C     1F5E       0
                text29                              FBB      FBB        C     1F76       0
                text28                              F51      F51        9     1EA2       0
                text27                              F5A      F5A        9     1EB4       0
                text26                              F63      F63        9     1EC6       0
                text25                              F6C      F6C        9     1ED8       0
                text24                              F75      F75        9     1EEA       0
                text23                              583      583       42        8       0
                text22                              F1B      F1B        4     1E36       0
                text21                              7F9      7F9        7      FB6       0
                text20                              F28      F28        6     1E50       0
                text19                              F2E      F2E        6     1E5C       0
                text18                              671      671       32        8       0
                text17                              F7E      F7E        9     1EFC       0
                text16                              FA4      FA4        B     1F48       0
                text15                              F90      F90        A     1F20       0
                text14                              F34      F34        6     1E68       0
                text13                              7A7      7A7       13        8       0
                text12                              F87      F87        9     1F0E       0
                text11                              77F      77F       14        8       0
                text10                              F1F      F1F        4     1E3E       0
                text9                               6D1      6D1       28        8       0
                text8                               6F9      6F9       27        8       0
                text7                               47D      47D       5C        8       0
                text6                               531      531       52        8       0
                text5                               1D6      1D6      14C        8       0
                text4                               720      720       25        8       0
                text3                               6A3      6A3       2E        8       0
                text2                               F9A      F9A        A     1F34       0
                text1                               5C5      5C5       40        8       0
                maintext                             89       89      14D        8       0
                cstackBANK0                          20       20       1E       20       1
                cstackCOMMON                         70       70        D       70       1
                cstackBANK1                          B8       B8        E       A0       1
                clrtext                             F3A      F3A        6     1E74       0
                bssBANK1                             A0       A0       18       A0       1
                bssBANK0                             3E       3E       1D       20       1
                bssCOMMON                            7D       7D        1       70       1
                nvBANK1                              C6       C6        C       A0       1
                nvBANK0                              5B       5B        6       20       1
                stringtext2                         800      800        4     1000       0
                stringtext1                         7CB      7CB       10      F96       0

TOTAL           Name                               Link     Load   Length     Space
        CLASS   CODE           
                end_init                             72       72        2         0
                cinit                                74       74       15         0
                intentry                              4        4       6E         0
                reset_vec                             0        0        2         0
                text58                              F0D      F0D        3         0
                text57                              F10      F10        3         0
                text56                              793      793       14         0
                text55                              F13      F13        4         0
                text54                              F0A      F0A        1         0
                text53                              F17      F17        4         0
                text52                              605      605       39         0
                text51                              745      745       1E         0
                text50                              F0B      F0B        1         0
                text49                              FF1      FF1        F         0
                text48                              F0C      F0C        1         0
                text47                              7EA      7EA        F         0
                text46                              7BA      7BA       11         0
                text45                                2        2        1         0
                text44                              FC7      FC7        E         0
                text43                              F23      F23        5         0
                text42                              4D9      4D9       58         0
                text41                              63E      63E       33         0
                text40                                3        3        1         0
                text39                              3D4      3D4       A9         0
                text38                              7DB      7DB        F         0
                text36                              322      322       B2         0
                text35                              763      763       1C         0
                text34                              FD5      FD5        E         0
                text33                              FE3      FE3        E         0
                text32                              F48      F48        9         0
                text31                              F40      F40        8         0
                text30                              FAF      FAF        C         0
                text29                              FBB      FBB        C         0
                text28                              F51      F51        9         0
                text27                              F5A      F5A        9         0
                text26                              F63      F63        9         0
                text25                              F6C      F6C        9         0
                text24                              F75      F75        9         0
                text23                              583      583       42         0
                text22                              F1B      F1B        4         0
                text21                              7F9      7F9        7         0
                text20                              F28      F28        6         0
                text19                              F2E      F2E        6         0
                text18                              671      671       32         0
                text17                              F7E      F7E        9         0
                text16                              FA4      FA4        B         0
                text15                              F90      F90        A         0
                text14                              F34      F34        6         0
                text13                              7A7      7A7       13         0
                text12                              F87      F87        9         0
                text11                              77F      77F       14         0
                text10                              F1F      F1F        4         0
                text9                               6D1      6D1       28         0
                text8                               6F9      6F9       27         0
                text7                               47D      47D       5C         0
                text6                               531      531       52         0
                text5                               1D6      1D6      14C         0
                text4                               720      720       25         0
                text3                               6A3      6A3       2E         0
                text2                               F9A      F9A        A         0
                text1                               5C5      5C5       40         0
                maintext                             89       89      14D         0
                clrtext                             F3A      F3A        6         0

        CLASS   STRCODE        
                stringtext2                         800      800        4         0
                stringtext1                         7CB      7CB       10         0

        CLASS   STRING         

        CLASS   CONST          

        CLASS   ENTRY          

        CLASS   COMMON         
                cstackCOMMON                         70       70        D         1
                bssCOMMON                            7D       7D        1         1

        CLASS   BANK0          
                cstackBANK0                          20       20       1E         1
                bssBANK0                             3E       3E       1D         1
                nvBANK0                              5B       5B        6         1

        CLASS   BANK1          
                cstackBANK1                          B8       B8        E         1
                bssBANK1                             A0       A0       18         1
                nvBANK1                              C6       C6        C         1

        CLASS   BANK2          

        CLASS   BANK3          

        CLASS   BANK4          

        CLASS   BIGRAM         

        CLASS   RAM            

        CLASS   ABS1           
                abs_s1                               7E       7E        2         1

        CLASS   SFR0           

        CLASS   SFR1           

        CLASS   SFR2           

        CLASS   SFR3           

        CLASS   SFR4           

        CLASS   SFR5           

        CLASS   SFR6           

        CLASS   SFR7           

        CLASS   SFR8           

        CLASS   SFR9           

        CLASS   SFR10          

        CLASS   SFR11          

        CLASS   SFR12          

        CLASS   SFR13          

        CLASS   SFR14          

        CLASS   SFR15          

        CLASS   SFR16          

        CLASS   SFR17          

        CLASS   SFR18          

        CLASS   SFR19          

        CLASS   SFR20          

        CLASS   SFR21          

        CLASS   SFR22          

        CLASS   SFR23          

        CLASS   SFR24          

        CLASS   SFR25          

        CLASS   SFR26          

        CLASS   SFR27          

        CLASS   SFR28          

        CLASS   SFR29          

        CLASS   SFR30          

        CLASS   SFR31          

        CLASS   CONFIG         
                config                             8007     8007        2         4

        CLASS   IDLOC          

        CLASS   EEDATA         

        CLASS   BANK31         

        CLASS   BANK30         

        CLASS   BANK29         

        CLASS   BANK28         

        CLASS   BANK27         

        CLASS   BANK26         

        CLASS   BANK25         

        CLASS   BANK24         

        CLASS   BANK23         

        CLASS   BANK22         

        CLASS   BANK21         

        CLASS   BANK20         

        CLASS   BANK19         

        CLASS   BANK18         

        CLASS   BANK17         

        CLASS   BANK16         

        CLASS   BANK15         

        CLASS   BANK14         

        CLASS   BANK13         

        CLASS   BANK12         

        CLASS   BANK11         

        CLASS   BANK10         

        CLASS   BANK9          

        CLASS   BANK8          

        CLASS   BANK7          

        CLASS   BANK6          

        CLASS   BANK5          

        CLASS   HEAP           

        CLASS   STACK          



SEGMENTS        Name                           Load    Length   Top    Selector   Space  Class     Delta

                reset_vec                      000000  000003  000003         0       0  CODE        2
                text40                         000003  000001  000004         6       0  CODE        2
                intentry                       000004  0007C7  0007CB         8       0  CODE        2
                cstackBANK0                    000020  000041  000061        20       1  BANK0       1
                cstackCOMMON                   000070  00000E  00007E        70       1  COMMON      1
                bssBANK1                       0000A0  000032  0000D2        A0       1  BANK1       1
                stringtext1                    0007CB  000010  0007DB       F96       0  STRCODE     2
                text38                         0007DB  000025  000800       FB6       0  CODE        2
                stringtext2                    000800  000004  000804      1000       0  STRCODE     2
                text54                         000F0A  000001  000F0B      1E14       0  CODE        2
                text50                         000F0B  000001  000F0C      1E16       0  CODE        2
                text48                         000F0C  000001  000F0D      1E18       0  CODE        2
                text58                         000F0D  000003  000F10      1E1A       0  CODE        2
                text57                         000F10  000003  000F13      1E20       0  CODE        2
                text55                         000F13  000004  000F17      1E26       0  CODE        2
                text53                         000F17  000004  000F1B      1E2E       0  CODE        2
                text22                         000F1B  000004  000F1F      1E36       0  CODE        2
                text10                         000F1F  000004  000F23      1E3E       0  CODE        2
                text43                         000F23  000005  000F28      1E46       0  CODE        2
                text20                         000F28  000006  000F2E      1E50       0  CODE        2
                text19                         000F2E  000006  000F34      1E5C       0  CODE        2
                text14                         000F34  000006  000F3A      1E68       0  CODE        2
                clrtext                        000F3A  000006  000F40      1E74       0  CODE        2
                text31                         000F40  000008  000F48      1E80       0  CODE        2
                text32                         000F48  000009  000F51      1E90       0  CODE        2
                text28                         000F51  000009  000F5A      1EA2       0  CODE        2
                text27                         000F5A  000009  000F63      1EB4       0  CODE        2
                text26                         000F63  000009  000F6C      1EC6       0  CODE        2
                text25                         000F6C  000009  000F75      1ED8       0  CODE        2
                text24                         000F75  000009  000F7E      1EEA       0  CODE        2
                text17                         000F7E  000009  000F87      1EFC       0  CODE        2
                text12                         000F87  000009  000F90      1F0E       0  CODE        2
                text15                         000F90  00000A  000F9A      1F20       0  CODE        2
                text2                          000F9A  00000A  000FA4      1F34       0  CODE        2
                text16                         000FA4  00000B  000FAF      1F48       0  CODE        2
                text30                         000FAF  00000C  000FBB      1F5E       0  CODE        2
                text29                         000FBB  00000C  000FC7      1F76       0  CODE        2
                text44                         000FC7  00000E  000FD5      1F8E       0  CODE        2
                text34                         000FD5  00000E  000FE3      1FAA       0  CODE        2
                text33                         000FE3  00000E  000FF1      1FC6       0  CODE        2
                text49                         000FF1  00000F  001000      1FE2       0  CODE        2


UNUSED ADDRESS RANGES

        Name                Unused          Largest block    Delta
        BANK0            00061-0006F               F           1
        BANK1            000D2-000EF              1E           1
        BANK2            00120-0016F              50           1
        BANK3            001A0-001EF              50           1
        BANK4            00220-0024F              30           1
        BIGRAM           02000-0216F             170           1
        CODE             00804-00F09             706           2
        CONST            00804-00F09             100           2
        EEDATA           0F000-0F0FF             100           2
        ENTRY            00804-00F09             100           2
        IDLOC            08000-08003               4           2
        RAM              00061-0006F               F           1
                         000D2-000EF              1E
                         00120-0016F              50
                         001A0-001EF              50
                         00220-0024F              30
        SFR0             00000-0001F              20           1
        SFR1             00080-0009F              20           1
        SFR10            00500-0056F              70           1
        SFR11            00580-005EF              70           1
        SFR12            00600-0066F              70           1
        SFR13            00680-006EF              70           1
        SFR14            00700-0076F              70           1
        SFR15            00780-007EF              70           1
        SFR16            00800-0086F              70           1
        SFR17            00880-008EF              70           1
        SFR18            00900-0096F              70           1
        SFR19            00980-009EF              70           1
        SFR2             00100-0011F              20           1
        SFR20            00A00-00A6F              70           1
        SFR21            00A80-00AEF              70           1
        SFR22            00B00-00B6F              70           1
        SFR23            00B80-00BEF              70           1
        SFR24            00C00-00C6F              70           1
        SFR25            00C80-00CEF              70           1
        SFR26            00D00-00D6F              70           1
        SFR27            00D80-00DEF              70           1
        SFR28            00E00-00E6F              70           1
        SFR29            00E80-00EEF              70           1
        SFR3             00180-0019F              20           1
        SFR30            00F00-00F6F              70           1
        SFR31            00F80-00FEF              70           1
        SFR4             00200-0021F              20           1
        SFR5             00280-002EF              70           1
        SFR6             00300-0036F              70           1
        SFR7             00380-003EF              70           1
        SFR8             00400-0046F              70           1
        SFR9             00480-004EF              70           1
        STRCODE          00804-00F09             706           2
        STRING           00804-00F09             100           2

                                  Symbol Table

?_Buscar_Proxima_Parada                        cstackBANK0  0002E
?_UART_RecebePedido                            cstackBANK0  0002F
?___awdiv                                      cstackBANK0  00034
?___awmod                                      cstackBANK0  0002E
?___lldiv                                      cstackCOMMON 00070
?___lmul                                       cstackCOMMON 00070
Buscar_Proxima_Parada@i                        cstackBANK0  00031
Buscar_Proxima_Parada@i_1391                   cstackBANK0  00033
Buscar_Proxima_Parada@i_1392                   cstackBANK0  00035
Buscar_Proxima_Parada@i_1393                   cstackBANK0  00037
EUSART_Read@readValue                          cstackBANK0  0002E
EUSART_SetErrorHandler@interruptHandler        cstackBANK0  0002E
EUSART_SetFramingErrorHandler@interruptHandler cstackBANK0  0002E
EUSART_SetOverrunErrorHandler@interruptHandler cstackBANK0  0002E
EUSART_SetRxInterruptHandler@interruptHandler  cstackBANK0  0002E
EUSART_SetTxInterruptHandler@interruptHandler  cstackBANK0  0002E
EUSART_Write@txData                            cstackBANK0  0002E
IOCBF0_SetInterruptHandler@InterruptHandler    cstackBANK0  0002E
IOCBF3_SetInterruptHandler@InterruptHandler    cstackBANK0  0002E
PWM3_LoadDutyValue@dutyValue                   cstackBANK0  0002E
SENSORES_CalcularVelocidade@calculo_posicao    cstackBANK0  00024
SENSORES_CalcularVelocidade@calculo_velocidade cstackBANK0  00028
SENSORES_CalcularVelocidade@delta              cstackBANK0  0002D
SENSORES_CalcularVelocidade@valor_atual        cstackBANK0  0002C
TMR0_ReadTimer@readVal                         cstackCOMMON 00070
TMR2_SetInterruptHandler@InterruptHandler      cstackBANK0  0002E
TMR4_SetInterruptHandler@InterruptHandler      cstackBANK0  0002E
UART_RecebePedido@DestinoPedido                cstackBANK0  00030
UART_RecebePedido@OrigemPedido                 cstackBANK0  0002F
_ADCON0                                        (abs)        0009D
_ADCON0bits                                    (abs)        0009D
_ADCON1                                        (abs)        0009E
_ADC_Initialize                                text31       00F40
_ADRESH                                        (abs)        0009C
_ADRESL                                        (abs)        0009B
_ANSELA                                        (abs)        0018C
_ANSELB                                        (abs)        0018D
_APFCON0                                       (abs)        0011D
_APFCON1                                       (abs)        0011E
_BAUDCON                                       (abs)        0019F
_BORCON                                        (abs)        00116
_Buscar_Proxima_Parada                         text36       00322
_CCP3CON                                       (abs)        00313
_CCPR3H                                        (abs)        00312
_CCPR3L                                        (abs)        00311
_CCPTMRS0bits                                  (abs)        0029E
_CM1CON0                                       (abs)        00111
_CM1CON0bits                                   (abs)        00111
_CM1CON1                                       (abs)        00112
_CM2CON0                                       (abs)        00113
_CM2CON0bits                                   (abs)        00113
_CM2CON1                                       (abs)        00114
_CMOUTbits                                     (abs)        00115
_CMP1_ISR                                      text58       00F0D
_CMP1_Initialize                               text30       00FAF
_CMP2_ISR                                      text57       00F10
_CMP2_Initialize                               text29       00FBB
_Controle_Descer                               text34       00FD5
_Controle_Parar                                text2        00F9A
_Controle_Subir                                text33       00FE3
_EUSART_DefaultErrorHandler                    text55       00F13
_EUSART_DefaultFramingErrorHandler             text54       00F0A
_EUSART_DefaultOverrunErrorHandler             text53       00F17
_EUSART_ErrorHandler                           nvBANK1      000C6
_EUSART_FramingErrorHandler                    nvBANK1      000CA
_EUSART_Initialize                             text23       00583
_EUSART_OverrunErrorHandler                    nvBANK1      000C8
_EUSART_Read                                   text4        00720
_EUSART_Receive_ISR                            text52       00605
_EUSART_RxDataHandler                          text56       00793
_EUSART_RxDefaultInterruptHandler              nvBANK1      000CE
_EUSART_SetErrorHandler                        text28       00F51
_EUSART_SetFramingErrorHandler                 text27       00F5A
_EUSART_SetOverrunErrorHandler                 text26       00F63
_EUSART_SetRxInterruptHandler                  text25       00F6C
_EUSART_SetTxInterruptHandler                  text24       00F75
_EUSART_Transmit_ISR                           text51       00745
_EUSART_TxDefaultInterruptHandler              nvBANK1      000D0
_EUSART_Write                                  text8        006F9
_EUSART_is_rx_ready                            text32       00F48
_FVRCON                                        (abs)        00117
_FVRCONbits                                    (abs)        00117
_FVR_Initialize                                text22       00F1B
_INTCONbits                                    (abs)        0000B
_INTERRUPT_InterruptManager                    intentry     00004
_IOCBF0_DefaultInterruptHandler                text50       00F0B
_IOCBF0_ISR                                    text49       00FF1
_IOCBF0_InterruptHandler                       nvBANK0      0005F
_IOCBF0_SetInterruptHandler                    text20       00F28
_IOCBF3_DefaultInterruptHandler                text48       00F0C
_IOCBF3_ISR                                    text47       007EA
_IOCBF3_InterruptHandler                       nvBANK0      0005D
_IOCBF3_SetInterruptHandler                    text19       00F2E
_IOCBFbits                                     (abs)        00396
_IOCBNbits                                     (abs)        00395
_IOCBPbits                                     (abs)        00394
_LATA                                          (abs)        0010C
_LATAbits                                      (abs)        0010C
_LATB                                          (abs)        0010D
_LUT_Andar                                     stringtext1  007CB
_OPTION_REG                                    (abs)        00095
_OPTION_REGbits                                (abs)        00095
_OSCCON                                        (abs)        00099
_OSCILLATOR_Initialize                         text21       007F9
_OSCTUNE                                       (abs)        00098
_PIE1bits                                      (abs)        00091
_PIE2bits                                      (abs)        00092
_PIE3bits                                      (abs)        00093
_PIN_MANAGER_IOC                               text46       007BA
_PIN_MANAGER_Initialize                        text18       00671
_PIR1bits                                      (abs)        00011
_PIR2bits                                      (abs)        00012
_PIR3bits                                      (abs)        00013
_PORTBbits                                     (abs)        0000D
_PR2                                           (abs)        0001B
_PR4                                           (abs)        00416
_PWM3_Initialize                               text17       00F7E
_PWM3_LoadDutyValue                            text35       00763
_RCREG                                         (abs)        00199
_RCSTA                                         (abs)        0019D
_RCSTAbits                                     (abs)        0019D
_SENSORES_CalcularVelocidade                   text39       003D4
_SPBRGH                                        (abs)        0019C
_SPBRGL                                        (abs)        0019B
_SPI1_Initialize                               text16       00FA4
_SSP1ADD                                       (abs)        00212
_SSP1BUF                                       (abs)        00211
_SSP1CON1                                      (abs)        00215
_SSP1CON1bits                                  (abs)        00215
_SSP1CON2                                      (abs)        00216
_SSP1STAT                                      (abs)        00214
_SYSTEM_Initialize                             text9        006D1
_T2CON                                         (abs)        0001C
_T2CONbits                                     (abs)        0001C
_T4CON                                         (abs)        00417
_T4CONbits                                     (abs)        00417
_TMR0                                          (abs)        00015
_TMR0_Initialize                               text15       00F90
_TMR0_ReadTimer                                text43       00F23
_TMR2                                          (abs)        0001A
_TMR2_DefaultInterruptHandler                  text45       00002
_TMR2_ISR                                      text44       00FC7
_TMR2_Initialize                               text13       007A7
_TMR2_InterruptHandler                         nvBANK0      0005B
_TMR2_SetInterruptHandler                      text14       00F34
_TMR4                                          (abs)        00415
_TMR4_DefaultInterruptHandler                  text40       00003
_TMR4_ISR                                      text38       007DB
_TMR4_Initialize                               text11       0077F
_TMR4_InterruptHandler                         nvBANK1      000CC
_TMR4_SetInterruptHandler                      text12       00F87
_TRISA                                         (abs)        0008C
_TRISB                                         (abs)        0008D
_TRISBbits                                     (abs)        0008D
_TXREG                                         (abs)        0019A
_TXSTA                                         (abs)        0019E
_TXSTAbits                                     (abs)        0019E
_UART_EnviaDados                               text5        001D6
_UART_EnviaDados$2266                          cstackBANK1  000B8
_UART_RecebePedido                             text3        006A3
_Verificar_Sensores                            text1        005C5
_WDTCON                                        (abs)        00097
_WDT_Initialize                                text10       00F1F
_WPUA                                          (abs)        0020C
_WPUB                                          (abs)        0020D
__H__absolute__                                __absolute__ 00000
__Habs1                                        abs1         00000
__Hbank0                                       bank0        00000
__Hbank1                                       bank1        00000
__Hbank10                                      bank10       00000
__Hbank11                                      bank11       00000
__Hbank12                                      bank12       00000
__Hbank13                                      bank13       00000
__Hbank14                                      bank14       00000
__Hbank15                                      bank15       00000
__Hbank16                                      bank16       00000
__Hbank17                                      bank17       00000
__Hbank18                                      bank18       00000
__Hbank19                                      bank19       00000
__Hbank2                                       bank2        00000
__Hbank20                                      bank20       00000
__Hbank21                                      bank21       00000
__Hbank22                                      bank22       00000
__Hbank23                                      bank23       00000
__Hbank24                                      bank24       00000
__Hbank25                                      bank25       00000
__Hbank26                                      bank26       00000
__Hbank27                                      bank27       00000
__Hbank28                                      bank28       00000
__Hbank29                                      bank29       00000
__Hbank3                                       bank3        00000
__Hbank30                                      bank30       00000
__Hbank31                                      bank31       00000
__Hbank4                                       bank4        00000
__Hbank5                                       bank5        00000
__Hbank6                                       bank6        00000
__Hbank7                                       bank7        00000
__Hbank8                                       bank8        00000
__Hbank9                                       bank9        00000
__Hbigram                                      bigram       00000
__HbssBANK0                                    bssBANK0     00000
__HbssBANK1                                    bssBANK1     00000
__HbssCOMMON                                   bssCOMMON    00000
__Hcinit                                       cinit        00089
__Hclrtext                                     clrtext      00000
__Hcode                                        code         00000
__Hcommon                                      common       00000
__Hconfig                                      config       08009
__HcstackBANK0                                 cstackBANK0  00000
__HcstackBANK1                                 cstackBANK1  00000
__HcstackCOMMON                                cstackCOMMON 00000
__Heeprom_data                                 eeprom_data  00000
__Hend_init                                    end_init     00074
__Hfunctab                                     functab      00000
__Hheap                                        heap         00000
__Hinit                                        init         00072
__Hintentry                                    intentry     00072
__Hmaintext                                    maintext     00000
__HnvBANK0                                     nvBANK0      00000
__HnvBANK1                                     nvBANK1      00000
__Hpowerup                                     powerup      00000
__Hram                                         ram          00000
__Hreset_vec                                   reset_vec    00002
__Hsfr0                                        sfr0         00000
__Hsfr1                                        sfr1         00000
__Hsfr10                                       sfr10        00000
__Hsfr11                                       sfr11        00000
__Hsfr12                                       sfr12        00000
__Hsfr13                                       sfr13        00000
__Hsfr14                                       sfr14        00000
__Hsfr15                                       sfr15        00000
__Hsfr16                                       sfr16        00000
__Hsfr17                                       sfr17        00000
__Hsfr18                                       sfr18        00000
__Hsfr19                                       sfr19        00000
__Hsfr2                                        sfr2         00000
__Hsfr20                                       sfr20        00000
__Hsfr21                                       sfr21        00000
__Hsfr22                                       sfr22        00000
__Hsfr23                                       sfr23        00000
__Hsfr24                                       sfr24        00000
__Hsfr25                                       sfr25        00000
__Hsfr26                                       sfr26        00000
__Hsfr27                                       sfr27        00000
__Hsfr28                                       sfr28        00000
__Hsfr29                                       sfr29        00000
__Hsfr3                                        sfr3         00000
__Hsfr30                                       sfr30        00000
__Hsfr31                                       sfr31        00000
__Hsfr4                                        sfr4         00000
__Hsfr5                                        sfr5         00000
__Hsfr6                                        sfr6         00000
__Hsfr7                                        sfr7         00000
__Hsfr8                                        sfr8         00000
__Hsfr9                                        sfr9         00000
__Hsivt                                        sivt         00072
__Hspace_0                                     (abs)        01000
__Hspace_1                                     (abs)        000D2
__Hspace_2                                     (abs)        00000
__Hspace_3                                     (abs)        00000
__Hspace_4                                     (abs)        10010
__Hstack                                       stack        00000
__Hstrings                                     strings      00000
__Hstringtext1                                 stringtext1  00000
__Hstringtext2                                 stringtext2  00000
__Htext                                        text         00000
__L__absolute__                                __absolute__ 00000
__Labs1                                        abs1         00000
__Lbank0                                       bank0        00000
__Lbank1                                       bank1        00000
__Lbank10                                      bank10       00000
__Lbank11                                      bank11       00000
__Lbank12                                      bank12       00000
__Lbank13                                      bank13       00000
__Lbank14                                      bank14       00000
__Lbank15                                      bank15       00000
__Lbank16                                      bank16       00000
__Lbank17                                      bank17       00000
__Lbank18                                      bank18       00000
__Lbank19                                      bank19       00000
__Lbank2                                       bank2        00000
__Lbank20                                      bank20       00000
__Lbank21                                      bank21       00000
__Lbank22                                      bank22       00000
__Lbank23                                      bank23       00000
__Lbank24                                      bank24       00000
__Lbank25                                      bank25       00000
__Lbank26                                      bank26       00000
__Lbank27                                      bank27       00000
__Lbank28                                      bank28       00000
__Lbank29                                      bank29       00000
__Lbank3                                       bank3        00000
__Lbank30                                      bank30       00000
__Lbank31                                      bank31       00000
__Lbank4                                       bank4        00000
__Lbank5                                       bank5        00000
__Lbank6                                       bank6        00000
__Lbank7                                       bank7        00000
__Lbank8                                       bank8        00000
__Lbank9                                       bank9        00000
__Lbigram                                      bigram       00000
__LbssBANK0                                    bssBANK0     00000
__LbssBANK1                                    bssBANK1     00000
__LbssCOMMON                                   bssCOMMON    00000
__Lcinit                                       cinit        00074
__Lclrtext                                     clrtext      00000
__Lcode                                        code         00000
__Lcommon                                      common       00000
__Lconfig                                      config       00000
__LcstackBANK0                                 cstackBANK0  00000
__LcstackBANK1                                 cstackBANK1  00000
__LcstackCOMMON                                cstackCOMMON 00000
__Leeprom_data                                 eeprom_data  00000
__Lend_init                                    end_init     00072
__Lfunctab                                     functab      00000
__Lheap                                        heap         00000
__Linit                                        init         00072
__Lintentry                                    intentry     00004
__Lmaintext                                    maintext     00000
__LnvBANK0                                     nvBANK0      00000
__LnvBANK1                                     nvBANK1      00000
__Lpowerup                                     powerup      00000
__Lram                                         ram          00000
__Lreset_vec                                   reset_vec    00000
__Lsfr0                                        sfr0         00000
__Lsfr1                                        sfr1         00000
__Lsfr10                                       sfr10        00000
__Lsfr11                                       sfr11        00000
__Lsfr12                                       sfr12        00000
__Lsfr13                                       sfr13        00000
__Lsfr14                                       sfr14        00000
__Lsfr15                                       sfr15        00000
__Lsfr16                                       sfr16        00000
__Lsfr17                                       sfr17        00000
__Lsfr18                                       sfr18        00000
__Lsfr19                                       sfr19        00000
__Lsfr2                                        sfr2         00000
__Lsfr20                                       sfr20        00000
__Lsfr21                                       sfr21        00000
__Lsfr22                                       sfr22        00000
__Lsfr23                                       sfr23        00000
__Lsfr24                                       sfr24        00000
__Lsfr25                                       sfr25        00000
__Lsfr26                                       sfr26        00000
__Lsfr27                                       sfr27        00000
__Lsfr28                                       sfr28        00000
__Lsfr29                                       sfr29        00000
__Lsfr3                                        sfr3         00000
__Lsfr30                                       sfr30        00000
__Lsfr31                                       sfr31        00000
__Lsfr4                                        sfr4         00000
__Lsfr5                                        sfr5         00000
__Lsfr6                                        sfr6         00000
__Lsfr7                                        sfr7         00000
__Lsfr8                                        sfr8         00000
__Lsfr9                                        sfr9         00000
__Lsivt                                        sivt         00072
__Lspace_0                                     (abs)        00000
__Lspace_1                                     (abs)        00000
__Lspace_2                                     (abs)        00000
__Lspace_3                                     (abs)        00000
__Lspace_4                                     (abs)        00000
__Lstack                                       stack        00000
__Lstrings                                     strings      00000
__Lstringtext1                                 stringtext1  00000
__Lstringtext2                                 stringtext2  00000
__Ltext                                        text         00000
__S0                                           (abs)        01000
__S1                                           (abs)        000D2
__S3                                           (abs)        00000
___awdiv                                       text7        0047D
___awdiv@counter                               cstackBANK0  00038
___awdiv@dividend                              cstackBANK0  00036
___awdiv@divisor                               cstackBANK0  00034
___awdiv@quotient                              cstackBANK0  0003A
___awdiv@sign                                  cstackBANK0  00039
___awmod                                       text6        00531
___awmod@counter                               cstackBANK0  00032
___awmod@dividend                              cstackBANK0  00030
___awmod@divisor                               cstackBANK0  0002E
___awmod@sign                                  cstackBANK0  00033
___heap_hi                                     (abs)        00000
___heap_lo                                     (abs)        00000
___int_sp                                      stack        00000
___int_stack_hi                                stack        00000
___int_stack_lo                                stack        00000
___latbits                                     (abs)        00001
___lldiv                                       text42       004D9
___lldiv@counter                               cstackCOMMON 0007C
___lldiv@dividend                              cstackCOMMON 00074
___lldiv@divisor                               cstackCOMMON 00070
___lldiv@quotient                              cstackCOMMON 00078
___lmul                                        text41       0063E
___lmul@multiplicand                           cstackCOMMON 00074
___lmul@multiplier                             cstackCOMMON 00070
___lmul@product                                cstackCOMMON 00078
___sp                                          stack        00000
___stack_hi                                    stack        00000
___stack_lo                                    stack        00000
___stackhi                                     (abs)        00000
___stacklo                                     (abs)        00000
__end_of_ADC_Initialize                        text31       00F48
__end_of_Buscar_Proxima_Parada                 text36       003D4
__end_of_CMP1_ISR                              text58       00F10
__end_of_CMP1_Initialize                       text30       00FBB
__end_of_CMP2_ISR                              text57       00F13
__end_of_CMP2_Initialize                       text29       00FC7
__end_of_Controle_Descer                       text34       00FE3
__end_of_Controle_Parar                        text2        00FA4
__end_of_Controle_Subir                        text33       00FF1
__end_of_EUSART_DefaultErrorHandler            text55       00F17
__end_of_EUSART_DefaultFramingErrorHandler     text54       00F0B
__end_of_EUSART_DefaultOverrunErrorHandler     text53       00F1B
__end_of_EUSART_Initialize                     text23       005C5
__end_of_EUSART_Read                           text4        00745
__end_of_EUSART_Receive_ISR                    text52       0063E
__end_of_EUSART_RxDataHandler                  text56       007A7
__end_of_EUSART_SetErrorHandler                text28       00F5A
__end_of_EUSART_SetFramingErrorHandler         text27       00F63
__end_of_EUSART_SetOverrunErrorHandler         text26       00F6C
__end_of_EUSART_SetRxInterruptHandler          text25       00F75
__end_of_EUSART_SetTxInterruptHandler          text24       00F7E
__end_of_EUSART_Transmit_ISR                   text51       00763
__end_of_EUSART_Write                          text8        00720
__end_of_EUSART_is_rx_ready                    text32       00F51
__end_of_FVR_Initialize                        text22       00F1F
__end_of_INTERRUPT_InterruptManager            intentry     00072
__end_of_IOCBF0_DefaultInterruptHandler        text50       00F0C
__end_of_IOCBF0_ISR                            text49       01000
__end_of_IOCBF0_SetInterruptHandler            text20       00F2E
__end_of_IOCBF3_DefaultInterruptHandler        text48       00F0D
__end_of_IOCBF3_ISR                            text47       007F9
__end_of_IOCBF3_SetInterruptHandler            text19       00F34
__end_of_LUT_Andar                             stringtext1  007DB
__end_of_OSCILLATOR_Initialize                 text21       00800
__end_of_PIN_MANAGER_IOC                       text46       007CB
__end_of_PIN_MANAGER_Initialize                text18       006A3
__end_of_PWM3_Initialize                       text17       00F87
__end_of_PWM3_LoadDutyValue                    text35       0077F
__end_of_SENSORES_CalcularVelocidade           text39       0047D
__end_of_SPI1_Initialize                       text16       00FAF
__end_of_SYSTEM_Initialize                     text9        006F9
__end_of_TMR0_Initialize                       text15       00F9A
__end_of_TMR0_ReadTimer                        text43       00F28
__end_of_TMR2_DefaultInterruptHandler          text45       00003
__end_of_TMR2_ISR                              text44       00FD5
__end_of_TMR2_Initialize                       text13       007BA
__end_of_TMR2_SetInterruptHandler              text14       00F3A
__end_of_TMR4_DefaultInterruptHandler          text40       00004
__end_of_TMR4_ISR                              text38       007EA
__end_of_TMR4_Initialize                       text11       00793
__end_of_TMR4_SetInterruptHandler              text12       00F90
__end_of_UART_EnviaDados                       text5        00322
__end_of_UART_RecebePedido                     text3        006D1
__end_of_Verificar_Sensores                    text1        00605
__end_of_WDT_Initialize                        text10       00F23
__end_of___awdiv                               text7        004D9
__end_of___awmod                               text6        00583
__end_of___lldiv                               text42       00531
__end_of___lmul                                text41       00671
__end_of__initialization                       cinit        00085
__end_of_main                                  maintext     001D6
__end_of_spi1_configuration                    stringtext2  00804
__initialization                               cinit        00074
__pbssBANK0                                    bssBANK0     0003E
__pbssBANK1                                    bssBANK1     000A0
__pbssCOMMON                                   bssCOMMON    0007D
__pcstackBANK0                                 cstackBANK0  00020
__pcstackBANK1                                 cstackBANK1  000B8
__pcstackCOMMON                                cstackCOMMON 00070
__pintentry                                    intentry     00004
__pmaintext                                    maintext     00089
__pnvBANK0                                     nvBANK0      0005B
__pnvBANK1                                     nvBANK1      000C6
__pstringtext1                                 stringtext1  007CB
__pstringtext2                                 stringtext2  00800
__ptext1                                       text1        005C5
__ptext10                                      text10       00F1F
__ptext11                                      text11       0077F
__ptext12                                      text12       00F87
__ptext13                                      text13       007A7
__ptext14                                      text14       00F34
__ptext15                                      text15       00F90
__ptext16                                      text16       00FA4
__ptext17                                      text17       00F7E
__ptext18                                      text18       00671
__ptext19                                      text19       00F2E
__ptext2                                       text2        00F9A
__ptext20                                      text20       00F28
__ptext21                                      text21       007F9
__ptext22                                      text22       00F1B
__ptext23                                      text23       00583
__ptext24                                      text24       00F75
__ptext25                                      text25       00F6C
__ptext26                                      text26       00F63
__ptext27                                      text27       00F5A
__ptext28                                      text28       00F51
__ptext29                                      text29       00FBB
__ptext3                                       text3        006A3
__ptext30                                      text30       00FAF
__ptext31                                      text31       00F40
__ptext32                                      text32       00F48
__ptext33                                      text33       00FE3
__ptext34                                      text34       00FD5
__ptext35                                      text35       00763
__ptext36                                      text36       00322
__ptext38                                      text38       007DB
__ptext39                                      text39       003D4
__ptext4                                       text4        00720
__ptext40                                      text40       00003
__ptext41                                      text41       0063E
__ptext42                                      text42       004D9
__ptext43                                      text43       00F23
__ptext44                                      text44       00FC7
__ptext45                                      text45       00002
__ptext46                                      text46       007BA
__ptext47                                      text47       007EA
__ptext48                                      text48       00F0C
__ptext49                                      text49       00FF1
__ptext5                                       text5        001D6
__ptext50                                      text50       00F0B
__ptext51                                      text51       00745
__ptext52                                      text52       00605
__ptext53                                      text53       00F17
__ptext54                                      text54       00F0A
__ptext55                                      text55       00F13
__ptext56                                      text56       00793
__ptext57                                      text57       00F10
__ptext58                                      text58       00F0D
__ptext6                                       text6        00531
__ptext7                                       text7        0047D
__ptext8                                       text8        006F9
__ptext9                                       text9        006D1
_andar_atual                                   bssBANK0     00050
_andar_destino                                 bssBANK0     00051
_buffer_destino                                bssBANK0     00059
_buffer_origem                                 bssBANK0     0005A
_contador_espera                               bssBANK0     00044
_contador_telemetria                           bssBANK0     00046
_estado_atual                                  bssBANK0     0004F
_estado_motor                                  bssBANK0     0004E
_eusartRxBuffer                                bssBANK1     000A8
_eusartRxCount                                 bssBANK0     00053
_eusartRxHead                                  bssCOMMON    0007D
_eusartRxLastError                             bssBANK0     00052
_eusartRxStatusBuffer                          bssBANK1     000A0
_eusartRxTail                                  bssBANK0     00054
_eusartTxBuffer                                bssBANK1     000B0
_eusartTxBufferRemaining                       bssBANK0     00055
_eusartTxHead                                  bssBANK0     00057
_eusartTxTail                                  bssBANK0     00056
_main                                          maintext     00089
_posicao_mm                                    bssBANK0     0004D
_solicitacoes                                  bssBANK0     0003E
_spi1_configuration                            stringtext2  00800
_temperatura_ponte                             bssBANK0     0004B
_timer0ReloadVal                               bssBANK0     00058
_total_pulsos                                  bssBANK0     00042
_ultimo_valor_timer0                           bssBANK0     0004A
_velocidade_atual                              bssBANK0     0004C
btemp                                          (abs)        0007E
clear_ram0                                     clrtext      00F3A
end_of_initialization                          cinit        00085
int$flags                                      (abs)        0007E
intlevel0                                      functab      00000
intlevel1                                      functab      00000
intlevel2                                      functab      00000
intlevel3                                      functab      00000
intlevel4                                      functab      00000
intlevel5                                      functab      00000
main@alvo                                      cstackBANK1  000C4
main@destino                                   cstackBANK1  000C2
main@novo_alvo                                 cstackBANK1  000BE
main@origem                                    cstackBANK1  000C0
main@proximo                                   cstackBANK1  000BC
reset_vec                                      reset_vec    00000
start                                          init         00072
start_initialization                           cinit        00074
wtemp0                                         (abs)        0007E


MODULE INFORMATION

Module		Function		Class		Link	Load	Size
mcc_generated_files/cmp1.c
		_CMP1_ISR      		CODE           	0F0D	0000	3
		_CMP1_Initialize		CODE           	0FAF	0000	12

mcc_generated_files/cmp1.c estimated size: 15

mcc_generated_files/fvr.c
		_FVR_Initialize		CODE           	0F1B	0000	4

mcc_generated_files/fvr.c estimated size: 4

mcc_generated_files/tmr4.c
		_TMR4_ISR      		CODE           	07DB	0000	15
		_TMR4_Initialize		CODE           	077F	0000	20
		_TMR4_SetInterruptHandler		CODE           	0F87	0000	9
		_TMR4_DefaultInterruptHandler		CODE           	0003	0000	1

mcc_generated_files/tmr4.c estimated size: 45

mcc_generated_files/tmr2.c
		_TMR2_ISR      		CODE           	0FC7	0000	14
		_TMR2_Initialize		CODE           	07A7	0000	19
		_TMR2_SetInterruptHandler		CODE           	0F34	0000	6
		_TMR2_DefaultInterruptHandler		CODE           	0002	0000	1

mcc_generated_files/tmr2.c estimated size: 40

mcc_generated_files/interrupt_manager.c
		_INTERRUPT_InterruptManager		CODE           	0004	0000	110

mcc_generated_files/interrupt_manager.c estimated size: 110

mcc_generated_files/tmr0.c
		_TMR0_ReadTimer		CODE           	0F23	0000	5
		_TMR0_Initialize		CODE           	0F90	0000	10

mcc_generated_files/tmr0.c estimated size: 15

mcc_generated_files/pin_manager.c
		_IOCBF3_DefaultInterruptHandler		CODE           	0F0C	0000	1
		_IOCBF0_ISR    		CODE           	0FF1	0000	15
		_PIN_MANAGER_Initialize		CODE           	0671	0000	50
		_IOCBF3_ISR    		CODE           	07EA	0000	15
		_IOCBF0_SetInterruptHandler		CODE           	0F28	0000	6
		_IOCBF3_SetInterruptHandler		CODE           	0F2E	0000	6
		_PIN_MANAGER_IOC		CODE           	07BA	0000	17
		_IOCBF0_DefaultInterruptHandler		CODE           	0F0B	0000	1

mcc_generated_files/pin_manager.c estimated size: 111

mcc_generated_files/spi1.c
		_SPI1_Initialize		CODE           	0FA4	0000	11

mcc_generated_files/spi1.c estimated size: 11

mcc_generated_files/adc.c
		_ADC_Initialize		CODE           	0F40	0000	8

mcc_generated_files/adc.c estimated size: 8

C:\Program Files\Microchip\xc8\v3.00\pic\sources\c99\common\awmod.c
		___awmod       		CODE           	0531	0000	82

C:\Program Files\Microchip\xc8\v3.00\pic\sources\c99\common\awmod.c estimated size: 82

mcc_generated_files/cmp2.c
		_CMP2_ISR      		CODE           	0F10	0000	3
		_CMP2_Initialize		CODE           	0FBB	0000	12

mcc_generated_files/cmp2.c estimated size: 15

motor.c
		_Controle_Parar		CODE           	0F9A	0000	10
		_Controle_Subir		CODE           	0FE3	0000	14
		_SENSORES_CalcularVelocidade		CODE           	03D4	0000	169
		_Controle_Descer		CODE           	0FD5	0000	14
		_Verificar_Sensores		CODE           	05C5	0000	64
		_Buscar_Proxima_Parada		CODE           	0322	0000	178

motor.c estimated size: 449

C:\Program Files\Microchip\xc8\v3.00\pic\sources\c99\common\Umul32.c
		___lmul        		CODE           	063E	0000	51

C:\Program Files\Microchip\xc8\v3.00\pic\sources\c99\common\Umul32.c estimated size: 51

C:\Program Files\Microchip\xc8\v3.00\pic\sources\c99\common\__lldiv.c
		___lldiv       		CODE           	04D9	0000	88

C:\Program Files\Microchip\xc8\v3.00\pic\sources\c99\common\__lldiv.c estimated size: 88

shared
		_LUT_Andar     		STRCODE        	07CB	0000	16
		__initialization		CODE           	0074	0000	17
		_spi1_configuration		STRCODE        	0800	0000	4

shared estimated size: 37

mcc_generated_files/mcc.c
		_WDT_Initialize		CODE           	0F1F	0000	4
		_OSCILLATOR_Initialize		CODE           	07F9	0000	7
		_SYSTEM_Initialize		CODE           	06D1	0000	40

mcc_generated_files/mcc.c estimated size: 51

mcc_generated_files/pwm3.c
		_PWM3_Initialize		CODE           	0F7E	0000	9
		_PWM3_LoadDutyValue		CODE           	0763	0000	28

mcc_generated_files/pwm3.c estimated size: 37

C:\Program Files\Microchip\xc8\v3.00\pic\sources\c99\common\awdiv.c
		___awdiv       		CODE           	047D	0000	92

C:\Program Files\Microchip\xc8\v3.00\pic\sources\c99\common\awdiv.c estimated size: 92

mcc_generated_files/eusart.c
		_EUSART_SetRxInterruptHandler		CODE           	0F6C	0000	9
		_EUSART_SetTxInterruptHandler		CODE           	0F75	0000	9
		_EUSART_Read   		CODE           	0720	0000	37
		_EUSART_DefaultOverrunErrorHandler		CODE           	0F17	0000	4
		_EUSART_Write  		CODE           	06F9	0000	39
		_EUSART_DefaultErrorHandler		CODE           	0F13	0000	4
		_EUSART_Transmit_ISR		CODE           	0745	0000	30
		_EUSART_Initialize		CODE           	0583	0000	66
		_EUSART_SetFramingErrorHandler		CODE           	0F5A	0000	9
		_EUSART_SetErrorHandler		CODE           	0F51	0000	9
		_EUSART_SetOverrunErrorHandler		CODE           	0F63	0000	9
		_EUSART_Receive_ISR		CODE           	0605	0000	57
		_EUSART_RxDataHandler		CODE           	0793	0000	20
		_EUSART_DefaultFramingErrorHandler		CODE           	0F0A	0000	1
		_EUSART_is_rx_ready		CODE           	0F48	0000	9

mcc_generated_files/eusart.c estimated size: 312

main.c
		_main          		CODE           	0089	0000	333

main.c estimated size: 333

comm.c
		_UART_RecebePedido		CODE           	06A3	0000	46
		_UART_EnviaDados		CODE           	01D6	0000	332

comm.c estimated size: 378

