Microchip MPLAB XC8 Compiler V3.00

Linker command line:

-W-3 \
  --edf=C:\Program Files\Microchip\xc8\v3.00\pic\dat\20241204225717_en.msgs \
  -cn -h+dist/default/debug\Trabalho_final.X.debug.sym \
  --cmf=dist/default/debug\Trabalho_final.X.debug.cmf -z -Q16F1827 \
  -oC:\Users\User\AppData\Local\Temp\xcAs2cgs.\driver_tmp_3.o \
  --defsym=__MPLAB_BUILD=1 --fixupoverflow=error \
  -Mdist/default/debug/Trabalho_final.X.debug.map \
  --md=C:\Users\User\AppData\Local\Temp\xcAs2cgs.\driver_tmp_0.dat -E1 \
  -ver=XC8 Compiler -ACODE=00h-07FFhx2 -ASTRCODE=00h-0FFFh \
  -ASTRING=00h-0FFhx16 -ACONST=00h-0FFhx16 -AENTRY=00h-0FFhx16 \
  -ACOMMON=070h-07Fh -ABANK0=020h-06Fh -ABANK1=0A0h-0EFh \
  -ABANK2=0120h-016Fh -ABANK3=01A0h-01EFh -ABANK4=0220h-023Fh \
  -ABIGRAM=02000h-0215Fh \
  -ARAM=020h-06Fh,0A0h-0EFh,0120h-016Fh,01A0h-01EFh,0220h-023Fh \
  -AABS1=020h-07Fh,0A0h-0EFh,0120h-016Fh,01A0h-01EFh,0220h-024Fh \
  -ASFR0=00h-01Fh -ASFR1=080h-09Fh -ASFR2=0100h-011Fh -ASFR3=0180h-019Fh \
  -ASFR4=0200h-021Fh -ASFR5=0280h-02EFh -ASFR6=0300h-036Fh \
  -ASFR7=0380h-03EFh -ASFR8=0400h-046Fh -ASFR9=0480h-04EFh \
  -ASFR10=0500h-056Fh -ASFR11=0580h-05EFh -ASFR12=0600h-066Fh \
  -ASFR13=0680h-06EFh -ASFR14=0700h-076Fh -ASFR15=0780h-07EFh \
  -ASFR16=0800h-086Fh -ASFR17=0880h-08EFh -ASFR18=0900h-096Fh \
  -ASFR19=0980h-09EFh -ASFR20=0A00h-0A6Fh -ASFR21=0A80h-0AEFh \
  -ASFR22=0B00h-0B6Fh -ASFR23=0B80h-0BEFh -ASFR24=0C00h-0C6Fh \
  -ASFR25=0C80h-0CEFh -ASFR26=0D00h-0D6Fh -ASFR27=0D80h-0DEFh \
  -ASFR28=0E00h-0E6Fh -ASFR29=0E80h-0EEFh -ASFR30=0F00h-0F6Fh \
  -ASFR31=0F80h-0FEFh -ACONFIG=08007h-08008h -DCONFIG=2 \
  -AIDLOC=08000h-08003h -DIDLOC=2 -AEEDATA=00h-0FFh/0F000h \
  -peeprom_data=EEDATA -DEEDATA=2 -DCODE=2 -DSTRCODE=2 -DSTRING=2 -DCONST=2 \
  -DENTRY=2 -preset_vec=00h,intentry=04h,sivt,init,end_init -ppowerup=CODE \
  -pcinit=CODE -pfunctab=ENTRY -k \
  C:\Users\User\AppData\Local\Temp\xcAs2cgs.\driver_tmp_15.o \
  dist/default/debug\Trabalho_final.X.debug.o 

Object code version is 3.11

Machine type is 16F1827



                Name                               Link     Load   Length Selector   Space Scale
C:\Users\User\AppData\Local\Temp\xcAs2cgs.\driver_tmp_15.o
                end_init                             72       72        2        8       0
                reset_vec                             0        0        3        0       0
                config                             8007     8007        2        0       4
dist/default/debug\Trabalho_final.X.debug.o
                cinit                                74       74       15        8       0
                intentry                              4        4       6E        8       0
                config                             8007     8007        2        0       4
                text67                              CC4      CC4        3     1988       0
                text66                              CC7      CC7        3     198E       0
                text65                              E07      E07       14     1C0E       0
                text64                              CCA      CCA        4     1994       0
                text63                              CC0      CC0        1     1980       0
                text62                              CCE      CCE        4     199C       0
                text61                              748      748       39        8       0
                text60                              E80      E80       1E     1D00       0
                text59                              CC1      CC1        1     1982       0
                text58                              DA7      DA7        F     1B4E       0
                text57                              CC2      CC2        1     1984       0
                text56                              DB6      DB6        F     1B6C       0
                text55                              DE3      DE3       11     1BC6       0
                text54                              CC3      CC3        1     1986       0
                text53                              DC5      DC5        F     1B8A       0
                text52                              E49      E49       1B     1C92       0
                text51                              CDA      CDA        5     19B4       0
                text50                              55B      55B       58        8       0
                text49                              FCD      FCD       33     1F9A       0
                text48                              70E      70E       3A        8       0
                text47                                3        3        1        0       0
                text46                              389      389       E6        8       0
                text45                              DD4      DD4        F     1BA8       0
                text43                              E64      E64       1C     1CC8       0
                text42                              D8B      D8B        E     1B16       0
                text41                              D99      D99        E     1B32       0
                text40                              CFA      CFA        9     19F4       0
                text39                              F12      F12       2D     1E24       0
                text38                              6CF      6CF       3F        8       0
                text37                              F3F      F3F       2E     1E7E       0
                text36                              E2F      E2F       1A     1C5E       0
                text35                              781      781       35        8       0
                text34                              46F      46F       90        8       0
                text33                              CF2      CF2        8     19E4       0
                text32                              D73      D73        C     1AE6       0
                text31                              D7F      D7F        C     1AFE       0
                text30                              D03      D03        9     1A06       0
                text29                              D0C      D0C        9     1A18       0
                text28                              D15      D15        9     1A2A       0
                text27                              D1E      D1E        9     1A3C       0
                text26                              D27      D27        9     1A4E       0
                text25                              64D      64D       42        8       0
                text24                              CD2      CD2        4     19A4       0
                text23                              CEB      CEB        7     19D6       0
                text22                              CDF      CDF        6     19BE       0
                text21                              D30      D30        9     1A60       0
                text20                              F9B      F9B       32     1F36       0
                text19                              D39      D39        9     1A72       0
                text18                              D68      D68        B     1AD0       0
                text17                              D54      D54        A     1AA8       0
                text16                              D42      D42        9     1A84       0
                text15                              DF4      DF4       13     1BE8       0
                text14                              D4B      D4B        9     1A96       0
                text13                              E1B      E1B       14     1C36       0
                text12                              CD6      CD6        4     19AC       0
                text11                              EEA      EEA       28     1DD4       0
                text10                              EC3      EC3       27     1D86       0
                text9                               4FF      4FF       5C        8       0
                text8                               5B3      5B3       52        8       0
                text7                               605      605       48        8       0
                text6                               7B6      7B6       33        8       0
                text5                               256      256      133        8       0
                text4                               E9E      E9E       25     1D3C       0
                text3                               F6D      F6D       2E     1EDA       0
                text2                               D5E      D5E        A     1ABC       0
                text1                               68F      68F       40        8       0
                maintext                             89       89      1CD        8       0
                cstackBANK0                          42       42       1A       20       1
                cstackCOMMON                         70       70        D       70       1
                cstackBANK1                          BC       BC       13       A0       1
                clrtext                             CE5      CE5        6     19CA       0
                bssBANK1                             A0       A0       1C       A0       1
                bssBANK0                             20       20       22       20       1
                bssCOMMON                            7D       7D        1       70       1
                nvBANK1                              CF       CF       10       A0       1
                nvBANK0                              5C       5C        2       20       1
                stringtext5                         81D      81D        4      FD2       0
                stringtext4                         819      819        4      FD2       0
                stringtext3                         80D      80D        C      FD2       0
                stringtext2                         7FD      7FD       10      FD2       0
                stringtext1                         7E9      7E9       14      FD2       0

TOTAL           Name                               Link     Load   Length     Space
        CLASS   CODE           
                end_init                             72       72        2         0
                cinit                                74       74       15         0
                intentry                              4        4       6E         0
                reset_vec                             0        0        3         0
                text67                              CC4      CC4        3         0
                text66                              CC7      CC7        3         0
                text65                              E07      E07       14         0
                text64                              CCA      CCA        4         0
                text63                              CC0      CC0        1         0
                text62                              CCE      CCE        4         0
                text61                              748      748       39         0
                text60                              E80      E80       1E         0
                text59                              CC1      CC1        1         0
                text58                              DA7      DA7        F         0
                text57                              CC2      CC2        1         0
                text56                              DB6      DB6        F         0
                text55                              DE3      DE3       11         0
                text54                              CC3      CC3        1         0
                text53                              DC5      DC5        F         0
                text52                              E49      E49       1B         0
                text51                              CDA      CDA        5         0
                text50                              55B      55B       58         0
                text49                              FCD      FCD       33         0
                text48                              70E      70E       3A         0
                text47                                3        3        1         0
                text46                              389      389       E6         0
                text45                              DD4      DD4        F         0
                text43                              E64      E64       1C         0
                text42                              D8B      D8B        E         0
                text41                              D99      D99        E         0
                text40                              CFA      CFA        9         0
                text39                              F12      F12       2D         0
                text38                              6CF      6CF       3F         0
                text37                              F3F      F3F       2E         0
                text36                              E2F      E2F       1A         0
                text35                              781      781       35         0
                text34                              46F      46F       90         0
                text33                              CF2      CF2        8         0
                text32                              D73      D73        C         0
                text31                              D7F      D7F        C         0
                text30                              D03      D03        9         0
                text29                              D0C      D0C        9         0
                text28                              D15      D15        9         0
                text27                              D1E      D1E        9         0
                text26                              D27      D27        9         0
                text25                              64D      64D       42         0
                text24                              CD2      CD2        4         0
                text23                              CEB      CEB        7         0
                text22                              CDF      CDF        6         0
                text21                              D30      D30        9         0
                text20                              F9B      F9B       32         0
                text19                              D39      D39        9         0
                text18                              D68      D68        B         0
                text17                              D54      D54        A         0
                text16                              D42      D42        9         0
                text15                              DF4      DF4       13         0
                text14                              D4B      D4B        9         0
                text13                              E1B      E1B       14         0
                text12                              CD6      CD6        4         0
                text11                              EEA      EEA       28         0
                text10                              EC3      EC3       27         0
                text9                               4FF      4FF       5C         0
                text8                               5B3      5B3       52         0
                text7                               605      605       48         0
                text6                               7B6      7B6       33         0
                text5                               256      256      133         0
                text4                               E9E      E9E       25         0
                text3                               F6D      F6D       2E         0
                text2                               D5E      D5E        A         0
                text1                               68F      68F       40         0
                maintext                             89       89      1CD         0
                clrtext                             CE5      CE5        6         0

        CLASS   STRCODE        
                stringtext5                         81D      81D        4         0
                stringtext4                         819      819        4         0
                stringtext3                         80D      80D        C         0
                stringtext2                         7FD      7FD       10         0
                stringtext1                         7E9      7E9       14         0

        CLASS   STRING         

        CLASS   CONST          

        CLASS   ENTRY          

        CLASS   COMMON         
                cstackCOMMON                         70       70        D         1
                bssCOMMON                            7D       7D        1         1

        CLASS   BANK0          
                cstackBANK0                          42       42       1A         1
                bssBANK0                             20       20       22         1
                nvBANK0                              5C       5C        2         1

        CLASS   BANK1          
                cstackBANK1                          BC       BC       13         1
                bssBANK1                             A0       A0       1C         1
                nvBANK1                              CF       CF       10         1

        CLASS   BANK2          

        CLASS   BANK3          

        CLASS   BANK4          

        CLASS   BIGRAM         

        CLASS   RAM            

        CLASS   ABS1           
                abs_s1                               7E       7E        2         1

        CLASS   SFR0           

        CLASS   SFR1           

        CLASS   SFR2           

        CLASS   SFR3           

        CLASS   SFR4           

        CLASS   SFR5           

        CLASS   SFR6           

        CLASS   SFR7           

        CLASS   SFR8           

        CLASS   SFR9           

        CLASS   SFR10          

        CLASS   SFR11          

        CLASS   SFR12          

        CLASS   SFR13          

        CLASS   SFR14          

        CLASS   SFR15          

        CLASS   SFR16          

        CLASS   SFR17          

        CLASS   SFR18          

        CLASS   SFR19          

        CLASS   SFR20          

        CLASS   SFR21          

        CLASS   SFR22          

        CLASS   SFR23          

        CLASS   SFR24          

        CLASS   SFR25          

        CLASS   SFR26          

        CLASS   SFR27          

        CLASS   SFR28          

        CLASS   SFR29          

        CLASS   SFR30          

        CLASS   SFR31          

        CLASS   CONFIG         
                config                             8007     8007        2         4

        CLASS   IDLOC          

        CLASS   EEDATA         

        CLASS   BANK31         

        CLASS   BANK30         

        CLASS   BANK29         

        CLASS   BANK28         

        CLASS   BANK27         

        CLASS   BANK26         

        CLASS   BANK25         

        CLASS   BANK24         

        CLASS   BANK23         

        CLASS   BANK22         

        CLASS   BANK21         

        CLASS   BANK20         

        CLASS   BANK19         

        CLASS   BANK18         

        CLASS   BANK17         

        CLASS   BANK16         

        CLASS   BANK15         

        CLASS   BANK14         

        CLASS   BANK13         

        CLASS   BANK12         

        CLASS   BANK11         

        CLASS   BANK10         

        CLASS   BANK9          

        CLASS   BANK8          

        CLASS   BANK7          

        CLASS   BANK6          

        CLASS   BANK5          

        CLASS   HEAP           

        CLASS   STACK          



SEGMENTS        Name                           Load    Length   Top    Selector   Space  Class     Delta

                reset_vec                      000000  000004  000004         0       0  CODE        2
                intentry                       000004  0007E5  0007E9         8       0  CODE        2
                bssBANK0                       000020  00003E  00005E        20       1  BANK0       1
                cstackCOMMON                   000070  00000E  00007E        70       1  COMMON      1
                bssBANK1                       0000A0  00003F  0000DF        A0       1  BANK1       1
                stringtext1                    0007E9  000038  000821       FD2       0  STRCODE     2
                text63                         000CC0  000001  000CC1      1980       0  CODE        2
                text59                         000CC1  000001  000CC2      1982       0  CODE        2
                text57                         000CC2  000001  000CC3      1984       0  CODE        2
                text54                         000CC3  000001  000CC4      1986       0  CODE        2
                text67                         000CC4  000003  000CC7      1988       0  CODE        2
                text66                         000CC7  000003  000CCA      198E       0  CODE        2
                text64                         000CCA  000004  000CCE      1994       0  CODE        2
                text62                         000CCE  000004  000CD2      199C       0  CODE        2
                text24                         000CD2  000004  000CD6      19A4       0  CODE        2
                text12                         000CD6  000004  000CDA      19AC       0  CODE        2
                text51                         000CDA  000005  000CDF      19B4       0  CODE        2
                text22                         000CDF  000006  000CE5      19BE       0  CODE        2
                clrtext                        000CE5  000006  000CEB      19CA       0  CODE        2
                text23                         000CEB  000007  000CF2      19D6       0  CODE        2
                text33                         000CF2  000008  000CFA      19E4       0  CODE        2
                text40                         000CFA  000009  000D03      19F4       0  CODE        2
                text30                         000D03  000009  000D0C      1A06       0  CODE        2
                text29                         000D0C  000009  000D15      1A18       0  CODE        2
                text28                         000D15  000009  000D1E      1A2A       0  CODE        2
                text27                         000D1E  000009  000D27      1A3C       0  CODE        2
                text26                         000D27  000009  000D30      1A4E       0  CODE        2
                text21                         000D30  000009  000D39      1A60       0  CODE        2
                text19                         000D39  000009  000D42      1A72       0  CODE        2
                text16                         000D42  000009  000D4B      1A84       0  CODE        2
                text14                         000D4B  000009  000D54      1A96       0  CODE        2
                text17                         000D54  00000A  000D5E      1AA8       0  CODE        2
                text2                          000D5E  00000A  000D68      1ABC       0  CODE        2
                text18                         000D68  00000B  000D73      1AD0       0  CODE        2
                text32                         000D73  00000C  000D7F      1AE6       0  CODE        2
                text31                         000D7F  00000C  000D8B      1AFE       0  CODE        2
                text42                         000D8B  00000E  000D99      1B16       0  CODE        2
                text41                         000D99  00000E  000DA7      1B32       0  CODE        2
                text58                         000DA7  00000F  000DB6      1B4E       0  CODE        2
                text56                         000DB6  00000F  000DC5      1B6C       0  CODE        2
                text53                         000DC5  00000F  000DD4      1B8A       0  CODE        2
                text45                         000DD4  00000F  000DE3      1BA8       0  CODE        2
                text55                         000DE3  000011  000DF4      1BC6       0  CODE        2
                text15                         000DF4  000013  000E07      1BE8       0  CODE        2
                text65                         000E07  000014  000E1B      1C0E       0  CODE        2
                text13                         000E1B  000014  000E2F      1C36       0  CODE        2
                text36                         000E2F  00001A  000E49      1C5E       0  CODE        2
                text52                         000E49  00001B  000E64      1C92       0  CODE        2
                text43                         000E64  00001C  000E80      1CC8       0  CODE        2
                text60                         000E80  00001E  000E9E      1D00       0  CODE        2
                text4                          000E9E  000025  000EC3      1D3C       0  CODE        2
                text10                         000EC3  000027  000EEA      1D86       0  CODE        2
                text11                         000EEA  000028  000F12      1DD4       0  CODE        2
                text39                         000F12  00002D  000F3F      1E24       0  CODE        2
                text37                         000F3F  00002E  000F6D      1E7E       0  CODE        2
                text3                          000F6D  00002E  000F9B      1EDA       0  CODE        2
                text20                         000F9B  000032  000FCD      1F36       0  CODE        2
                text49                         000FCD  000033  001000      1F9A       0  CODE        2


UNUSED ADDRESS RANGES

        Name                Unused          Largest block    Delta
        BANK0            0005E-0006F              12           1
        BANK1            000DF-000EF              11           1
        BANK2            00120-0016F              50           1
        BANK3            001A0-001EF              50           1
        BANK4            00220-0023F              20           1
        BIGRAM           02000-0215F             160           1
        CODE             00821-00CBF             49F           2
        CONST            00821-00CBF             100           2
        EEDATA           0F000-0F0FF             100           2
        ENTRY            00821-00CBF             100           2
        IDLOC            08000-08003               4           2
        RAM              0005E-0006F              12           1
                         000DF-000EF              11
                         00120-0016F              50
                         001A0-001EF              50
                         00220-0023F              20
        SFR0             00000-0001F              20           1
        SFR1             00080-0009F              20           1
        SFR10            00500-0056F              70           1
        SFR11            00580-005EF              70           1
        SFR12            00600-0066F              70           1
        SFR13            00680-006EF              70           1
        SFR14            00700-0076F              70           1
        SFR15            00780-007EF              70           1
        SFR16            00800-0086F              70           1
        SFR17            00880-008EF              70           1
        SFR18            00900-0096F              70           1
        SFR19            00980-009EF              70           1
        SFR2             00100-0011F              20           1
        SFR20            00A00-00A6F              70           1
        SFR21            00A80-00AEF              70           1
        SFR22            00B00-00B6F              70           1
        SFR23            00B80-00BEF              70           1
        SFR24            00C00-00C6F              70           1
        SFR25            00C80-00CEF              70           1
        SFR26            00D00-00D6F              70           1
        SFR27            00D80-00DEF              70           1
        SFR28            00E00-00E6F              70           1
        SFR29            00E80-00EEF              70           1
        SFR3             00180-0019F              20           1
        SFR30            00F00-00F6F              70           1
        SFR31            00F80-00FEF              70           1
        SFR4             00200-0021F              20           1
        SFR5             00280-002EF              70           1
        SFR6             00300-0036F              70           1
        SFR7             00380-003EF              70           1
        SFR8             00400-0046F              70           1
        SFR9             00480-004EF              70           1
        STRCODE          00821-00CBF             49F           2
        STRING           00821-00CBF             100           2

                                  Symbol Table

?_ADC_GetConversion                            cstackCOMMON 00070
?_UART_RecebePedido                            cstackBANK0  00055
?___awdiv                                      cstackBANK1  000BC
?___awmod                                      cstackBANK0  00054
?___lldiv                                      cstackCOMMON 00070
?___lmul                                       cstackCOMMON 00070
?___lwdiv                                      cstackBANK1  000BC
?___lwmod                                      cstackBANK0  00054
?i1___lwdiv                                    cstackCOMMON 00070
ADC_GetConversion@channel                      cstackCOMMON 00073
EUSART_Read@readValue                          cstackBANK0  00054
EUSART_SetErrorHandler@interruptHandler        cstackBANK0  00054
EUSART_SetFramingErrorHandler@interruptHandler cstackBANK0  00054
EUSART_SetOverrunErrorHandler@interruptHandler cstackBANK0  00054
EUSART_SetRxInterruptHandler@interruptHandler  cstackBANK0  00054
EUSART_SetTxInterruptHandler@interruptHandler  cstackBANK0  00054
EUSART_Write@txData                            cstackBANK0  00054
Existe_Chamada_Abaixo@andar_ref                cstackBANK0  00055
Existe_Chamada_Abaixo@i                        cstackBANK0  00056
Existe_Chamada_Acima@andar_ref                 cstackBANK0  00055
Existe_Chamada_Acima@i                         cstackBANK0  00056
IOCBF0_SetInterruptHandler@InterruptHandler    cstackBANK0  00054
IOCBF3_SetInterruptHandler@InterruptHandler    cstackBANK0  00054
MAX7219_Write@address                          cstackBANK0  00055
MAX7219_Write@data                             cstackBANK0  00054
MatrizInicializa@i                             cstackBANK0  00056
MatrizInicializa@i_1674                        cstackBANK0  00057
MatrizLed@base_andar                           cstackBANK1  000BC
MatrizLed@base_seta                            cstackBANK1  000BE
MatrizLed@buffer_percurso                      cstackBANK1  000BD
MatrizLed@i                                    cstackBANK1  000BF
MatrizLed@i_1679                               cstackBANK1  000C0
MatrizLed@i_1681                               cstackBANK1  000C1
PWM3_LoadDutyValue@dutyValue                   cstackBANK0  00054
SENSORES_CalcularVelocidade@calculo_posicao    cstackBANK0  00046
SENSORES_CalcularVelocidade@calculo_velocidade cstackBANK0  0004A
SENSORES_CalcularVelocidade@delta              cstackBANK0  00053
SENSORES_CalcularVelocidade@i                  cstackBANK0  00050
SENSORES_CalcularVelocidade@leitura_adc        cstackBANK0  0004E
SENSORES_CalcularVelocidade@valor_atual        cstackBANK0  00052
TMR0_ReadTimer@readVal                         cstackCOMMON 00070
TMR2_SetInterruptHandler@InterruptHandler      cstackBANK0  00054
TMR4_SetInterruptHandler@InterruptHandler      cstackBANK0  00054
UART_RecebePedido@destino_pedido               cstackBANK0  00056
UART_RecebePedido@origem_pedido                cstackBANK0  00055
_ADCON0                                        (abs)        0009D
_ADCON0bits                                    (abs)        0009D
_ADCON1                                        (abs)        0009E
_ADC_GetConversion                             text52       00E49
_ADC_Initialize                                text33       00CF2
_ADRESH                                        (abs)        0009C
_ADRESL                                        (abs)        0009B
_ANSELA                                        (abs)        0018C
_ANSELB                                        (abs)        0018D
_APFCON0                                       (abs)        0011D
_APFCON1                                       (abs)        0011E
_BAUDCON                                       (abs)        0019F
_BORCON                                        (abs)        00116
_CCP3CON                                       (abs)        00313
_CCPR3H                                        (abs)        00312
_CCPR3L                                        (abs)        00311
_CCPTMRS0bits                                  (abs)        0029E
_CM1CON0                                       (abs)        00111
_CM1CON0bits                                   (abs)        00111
_CM1CON1                                       (abs)        00112
_CM2CON0                                       (abs)        00113
_CM2CON0bits                                   (abs)        00113
_CM2CON1                                       (abs)        00114
_CMOUTbits                                     (abs)        00115
_CMP1_ISR                                      text67       00CC4
_CMP1_Initialize                               text32       00D73
_CMP2_ISR                                      text66       00CC7
_CMP2_Initialize                               text31       00D7F
_Controle_Descer                               text42       00D8B
_Controle_Parar                                text2        00D5E
_Controle_Subir                                text41       00D99
_EUSART_DefaultErrorHandler                    text64       00CCA
_EUSART_DefaultFramingErrorHandler             text63       00CC0
_EUSART_DefaultOverrunErrorHandler             text62       00CCE
_EUSART_ErrorHandler                           nvBANK1      000CF
_EUSART_FramingErrorHandler                    nvBANK1      000D3
_EUSART_Initialize                             text25       0064D
_EUSART_OverrunErrorHandler                    nvBANK1      000D1
_EUSART_Read                                   text4        00E9E
_EUSART_Receive_ISR                            text61       00748
_EUSART_RxDataHandler                          text65       00E07
_EUSART_RxDefaultInterruptHandler              nvBANK1      000D9
_EUSART_SetErrorHandler                        text30       00D03
_EUSART_SetFramingErrorHandler                 text29       00D0C
_EUSART_SetOverrunErrorHandler                 text28       00D15
_EUSART_SetRxInterruptHandler                  text27       00D1E
_EUSART_SetTxInterruptHandler                  text26       00D27
_EUSART_Transmit_ISR                           text60       00E80
_EUSART_TxDefaultInterruptHandler              nvBANK1      000DB
_EUSART_Write                                  text10       00EC3
_EUSART_is_rx_ready                            text40       00CFA
_Existe_Chamada_Abaixo                         text39       00F12
_Existe_Chamada_Acima                          text38       006CF
_FVRCON                                        (abs)        00117
_FVRCONbits                                    (abs)        00117
_FVR_Initialize                                text24       00CD2
_INTCONbits                                    (abs)        0000B
_INTERRUPT_InterruptManager                    intentry     00004
_IOCBF0_DefaultInterruptHandler                text59       00CC1
_IOCBF0_ISR                                    text58       00DA7
_IOCBF0_InterruptHandler                       nvBANK0      0005C
_IOCBF0_SetInterruptHandler                    text22       00CDF
_IOCBF3_DefaultInterruptHandler                text57       00CC2
_IOCBF3_ISR                                    text56       00DB6
_IOCBF3_InterruptHandler                       nvBANK1      000DD
_IOCBF3_SetInterruptHandler                    text21       00D30
_IOCBFbits                                     (abs)        00396
_IOCBNbits                                     (abs)        00395
_IOCBPbits                                     (abs)        00394
_LATA                                          (abs)        0010C
_LATAbits                                      (abs)        0010C
_LATB                                          (abs)        0010D
_LATBbits                                      (abs)        0010D
_LUT_Andar                                     stringtext2  007FD
_LUT_dir                                       stringtext1  007E9
_LUT_percurso                                  stringtext4  00819
_Limpar_Chamada_Atual                          text37       00F3F
_MAX7219_Write                                 text36       00E2F
_MatrizInicializa                              text35       00781
_MatrizLed                                     text34       0046F
_OPTION_REG                                    (abs)        00095
_OPTION_REGbits                                (abs)        00095
_OSCCON                                        (abs)        00099
_OSCILLATOR_Initialize                         text23       00CEB
_OSCTUNE                                       (abs)        00098
_PIE1bits                                      (abs)        00091
_PIE2bits                                      (abs)        00092
_PIE3bits                                      (abs)        00093
_PIN_MANAGER_IOC                               text55       00DE3
_PIN_MANAGER_Initialize                        text20       00F9B
_PIR1bits                                      (abs)        00011
_PIR2bits                                      (abs)        00012
_PIR3bits                                      (abs)        00013
_PORTBbits                                     (abs)        0000D
_PR2                                           (abs)        0001B
_PR4                                           (abs)        00416
_PWM3_Initialize                               text19       00D39
_PWM3_LoadDutyValue                            text43       00E64
_RCREG                                         (abs)        00199
_RCSTA                                         (abs)        0019D
_RCSTAbits                                     (abs)        0019D
_SENSORES_CalcularVelocidade                   text46       00389
_SPBRGH                                        (abs)        0019C
_SPBRGL                                        (abs)        0019B
_SPI1_Initialize                               text18       00D68
_SSP1ADD                                       (abs)        00212
_SSP1BUF                                       (abs)        00211
_SSP1CON1                                      (abs)        00215
_SSP1CON1bits                                  (abs)        00215
_SSP1CON2                                      (abs)        00216
_SSP1STAT                                      (abs)        00214
_SYSTEM_Initialize                             text11       00EEA
_T2CON                                         (abs)        0001C
_T2CONbits                                     (abs)        0001C
_T4CON                                         (abs)        00417
_T4CONbits                                     (abs)        00417
_TMR0                                          (abs)        00015
_TMR0_Initialize                               text17       00D54
_TMR0_ReadTimer                                text51       00CDA
_TMR2                                          (abs)        0001A
_TMR2_DefaultInterruptHandler                  text54       00CC3
_TMR2_ISR                                      text53       00DC5
_TMR2_Initialize                               text15       00DF4
_TMR2_InterruptHandler                         nvBANK1      000D7
_TMR2_SetInterruptHandler                      text16       00D42
_TMR4                                          (abs)        00415
_TMR4_DefaultInterruptHandler                  text47       00003
_TMR4_ISR                                      text45       00DD4
_TMR4_Initialize                               text13       00E1B
_TMR4_InterruptHandler                         nvBANK1      000D5
_TMR4_SetInterruptHandler                      text14       00D4B
_TRISA                                         (abs)        0008C
_TRISB                                         (abs)        0008D
_TRISBbits                                     (abs)        0008D
_TXREG                                         (abs)        0019A
_TXSTA                                         (abs)        0019E
_TXSTAbits                                     (abs)        0019E
_UART_EnviaDados                               text5        00256
_UART_RecebePedido                             text3        00F6D
_Verificar_Sensores                            text1        0068F
_WDTCON                                        (abs)        00097
_WDT_Initialize                                text12       00CD6
_WPUA                                          (abs)        0020C
_WPUB                                          (abs)        0020D
__H__absolute__                                __absolute__ 00000
__Habs1                                        abs1         00000
__Hbank0                                       bank0        00000
__Hbank1                                       bank1        00000
__Hbank10                                      bank10       00000
__Hbank11                                      bank11       00000
__Hbank12                                      bank12       00000
__Hbank13                                      bank13       00000
__Hbank14                                      bank14       00000
__Hbank15                                      bank15       00000
__Hbank16                                      bank16       00000
__Hbank17                                      bank17       00000
__Hbank18                                      bank18       00000
__Hbank19                                      bank19       00000
__Hbank2                                       bank2        00000
__Hbank20                                      bank20       00000
__Hbank21                                      bank21       00000
__Hbank22                                      bank22       00000
__Hbank23                                      bank23       00000
__Hbank24                                      bank24       00000
__Hbank25                                      bank25       00000
__Hbank26                                      bank26       00000
__Hbank27                                      bank27       00000
__Hbank28                                      bank28       00000
__Hbank29                                      bank29       00000
__Hbank3                                       bank3        00000
__Hbank30                                      bank30       00000
__Hbank31                                      bank31       00000
__Hbank4                                       bank4        00000
__Hbank5                                       bank5        00000
__Hbank6                                       bank6        00000
__Hbank7                                       bank7        00000
__Hbank8                                       bank8        00000
__Hbank9                                       bank9        00000
__Hbigram                                      bigram       00000
__HbssBANK0                                    bssBANK0     00000
__HbssBANK1                                    bssBANK1     00000
__HbssCOMMON                                   bssCOMMON    00000
__Hcinit                                       cinit        00089
__Hclrtext                                     clrtext      00000
__Hcode                                        code         00000
__Hcommon                                      common       00000
__Hconfig                                      config       08009
__HcstackBANK0                                 cstackBANK0  00000
__HcstackBANK1                                 cstackBANK1  00000
__HcstackCOMMON                                cstackCOMMON 00000
__Heeprom_data                                 eeprom_data  00000
__Hend_init                                    end_init     00074
__Hfunctab                                     functab      00000
__Hheap                                        heap         00000
__Hinit                                        init         00072
__Hintentry                                    intentry     00072
__Hmaintext                                    maintext     00000
__HnvBANK0                                     nvBANK0      00000
__HnvBANK1                                     nvBANK1      00000
__Hpowerup                                     powerup      00000
__Hram                                         ram          00000
__Hreset_vec                                   reset_vec    00003
__Hsfr0                                        sfr0         00000
__Hsfr1                                        sfr1         00000
__Hsfr10                                       sfr10        00000
__Hsfr11                                       sfr11        00000
__Hsfr12                                       sfr12        00000
__Hsfr13                                       sfr13        00000
__Hsfr14                                       sfr14        00000
__Hsfr15                                       sfr15        00000
__Hsfr16                                       sfr16        00000
__Hsfr17                                       sfr17        00000
__Hsfr18                                       sfr18        00000
__Hsfr19                                       sfr19        00000
__Hsfr2                                        sfr2         00000
__Hsfr20                                       sfr20        00000
__Hsfr21                                       sfr21        00000
__Hsfr22                                       sfr22        00000
__Hsfr23                                       sfr23        00000
__Hsfr24                                       sfr24        00000
__Hsfr25                                       sfr25        00000
__Hsfr26                                       sfr26        00000
__Hsfr27                                       sfr27        00000
__Hsfr28                                       sfr28        00000
__Hsfr29                                       sfr29        00000
__Hsfr3                                        sfr3         00000
__Hsfr30                                       sfr30        00000
__Hsfr31                                       sfr31        00000
__Hsfr4                                        sfr4         00000
__Hsfr5                                        sfr5         00000
__Hsfr6                                        sfr6         00000
__Hsfr7                                        sfr7         00000
__Hsfr8                                        sfr8         00000
__Hsfr9                                        sfr9         00000
__Hsivt                                        sivt         00072
__Hspace_0                                     (abs)        01000
__Hspace_1                                     (abs)        000DF
__Hspace_2                                     (abs)        00000
__Hspace_3                                     (abs)        00000
__Hspace_4                                     (abs)        10010
__Hstack                                       stack        00000
__Hstrings                                     strings      00000
__Hstringtext1                                 stringtext1  00000
__Hstringtext2                                 stringtext2  00000
__Hstringtext3                                 stringtext3  00000
__Hstringtext4                                 stringtext4  00000
__Hstringtext5                                 stringtext5  00000
__Htext                                        text         00000
__L__absolute__                                __absolute__ 00000
__Labs1                                        abs1         00000
__Lbank0                                       bank0        00000
__Lbank1                                       bank1        00000
__Lbank10                                      bank10       00000
__Lbank11                                      bank11       00000
__Lbank12                                      bank12       00000
__Lbank13                                      bank13       00000
__Lbank14                                      bank14       00000
__Lbank15                                      bank15       00000
__Lbank16                                      bank16       00000
__Lbank17                                      bank17       00000
__Lbank18                                      bank18       00000
__Lbank19                                      bank19       00000
__Lbank2                                       bank2        00000
__Lbank20                                      bank20       00000
__Lbank21                                      bank21       00000
__Lbank22                                      bank22       00000
__Lbank23                                      bank23       00000
__Lbank24                                      bank24       00000
__Lbank25                                      bank25       00000
__Lbank26                                      bank26       00000
__Lbank27                                      bank27       00000
__Lbank28                                      bank28       00000
__Lbank29                                      bank29       00000
__Lbank3                                       bank3        00000
__Lbank30                                      bank30       00000
__Lbank31                                      bank31       00000
__Lbank4                                       bank4        00000
__Lbank5                                       bank5        00000
__Lbank6                                       bank6        00000
__Lbank7                                       bank7        00000
__Lbank8                                       bank8        00000
__Lbank9                                       bank9        00000
__Lbigram                                      bigram       00000
__LbssBANK0                                    bssBANK0     00000
__LbssBANK1                                    bssBANK1     00000
__LbssCOMMON                                   bssCOMMON    00000
__Lcinit                                       cinit        00074
__Lclrtext                                     clrtext      00000
__Lcode                                        code         00000
__Lcommon                                      common       00000
__Lconfig                                      config       00000
__LcstackBANK0                                 cstackBANK0  00000
__LcstackBANK1                                 cstackBANK1  00000
__LcstackCOMMON                                cstackCOMMON 00000
__Leeprom_data                                 eeprom_data  00000
__Lend_init                                    end_init     00072
__Lfunctab                                     functab      00000
__Lheap                                        heap         00000
__Linit                                        init         00072
__Lintentry                                    intentry     00004
__Lmaintext                                    maintext     00000
__LnvBANK0                                     nvBANK0      00000
__LnvBANK1                                     nvBANK1      00000
__Lpowerup                                     powerup      00000
__Lram                                         ram          00000
__Lreset_vec                                   reset_vec    00000
__Lsfr0                                        sfr0         00000
__Lsfr1                                        sfr1         00000
__Lsfr10                                       sfr10        00000
__Lsfr11                                       sfr11        00000
__Lsfr12                                       sfr12        00000
__Lsfr13                                       sfr13        00000
__Lsfr14                                       sfr14        00000
__Lsfr15                                       sfr15        00000
__Lsfr16                                       sfr16        00000
__Lsfr17                                       sfr17        00000
__Lsfr18                                       sfr18        00000
__Lsfr19                                       sfr19        00000
__Lsfr2                                        sfr2         00000
__Lsfr20                                       sfr20        00000
__Lsfr21                                       sfr21        00000
__Lsfr22                                       sfr22        00000
__Lsfr23                                       sfr23        00000
__Lsfr24                                       sfr24        00000
__Lsfr25                                       sfr25        00000
__Lsfr26                                       sfr26        00000
__Lsfr27                                       sfr27        00000
__Lsfr28                                       sfr28        00000
__Lsfr29                                       sfr29        00000
__Lsfr3                                        sfr3         00000
__Lsfr30                                       sfr30        00000
__Lsfr31                                       sfr31        00000
__Lsfr4                                        sfr4         00000
__Lsfr5                                        sfr5         00000
__Lsfr6                                        sfr6         00000
__Lsfr7                                        sfr7         00000
__Lsfr8                                        sfr8         00000
__Lsfr9                                        sfr9         00000
__Lsivt                                        sivt         00072
__Lspace_0                                     (abs)        00000
__Lspace_1                                     (abs)        00000
__Lspace_2                                     (abs)        00000
__Lspace_3                                     (abs)        00000
__Lspace_4                                     (abs)        00000
__Lstack                                       stack        00000
__Lstrings                                     strings      00000
__Lstringtext1                                 stringtext1  00000
__Lstringtext2                                 stringtext2  00000
__Lstringtext3                                 stringtext3  00000
__Lstringtext4                                 stringtext4  00000
__Lstringtext5                                 stringtext5  00000
__Ltext                                        text         00000
__S0                                           (abs)        01000
__S1                                           (abs)        000DF
__S3                                           (abs)        00000
___awdiv                                       text9        004FF
___awdiv@counter                               cstackBANK1  000C0
___awdiv@dividend                              cstackBANK1  000BE
___awdiv@divisor                               cstackBANK1  000BC
___awdiv@quotient                              cstackBANK1  000C2
___awdiv@sign                                  cstackBANK1  000C1
___awmod                                       text8        005B3
___awmod@counter                               cstackBANK0  00058
___awmod@dividend                              cstackBANK0  00056
___awmod@divisor                               cstackBANK0  00054
___awmod@sign                                  cstackBANK0  00059
___heap_hi                                     (abs)        00000
___heap_lo                                     (abs)        00000
___int_sp                                      stack        00000
___int_stack_hi                                stack        00000
___int_stack_lo                                stack        00000
___latbits                                     (abs)        00001
___lldiv                                       text50       0055B
___lldiv@counter                               cstackCOMMON 0007C
___lldiv@dividend                              cstackCOMMON 00074
___lldiv@divisor                               cstackCOMMON 00070
___lldiv@quotient                              cstackCOMMON 00078
___lmul                                        text49       00FCD
___lmul@multiplicand                           cstackCOMMON 00074
___lmul@multiplier                             cstackCOMMON 00070
___lmul@product                                cstackCOMMON 00078
___lwdiv                                       text7        00605
___lwdiv@counter                               cstackBANK0  00059
___lwdiv@dividend                              cstackBANK1  000BE
___lwdiv@divisor                               cstackBANK1  000BC
___lwdiv@quotient                              cstackBANK0  0005A
___lwmod                                       text6        007B6
___lwmod@counter                               cstackBANK0  00058
___lwmod@dividend                              cstackBANK0  00056
___lwmod@divisor                               cstackBANK0  00054
___sp                                          stack        00000
___stack_hi                                    stack        00000
___stack_lo                                    stack        00000
___stackhi                                     (abs)        00000
___stacklo                                     (abs)        00000
__end_of_ADC_GetConversion                     text52       00E64
__end_of_ADC_Initialize                        text33       00CFA
__end_of_CMP1_ISR                              text67       00CC7
__end_of_CMP1_Initialize                       text32       00D7F
__end_of_CMP2_ISR                              text66       00CCA
__end_of_CMP2_Initialize                       text31       00D8B
__end_of_Controle_Descer                       text42       00D99
__end_of_Controle_Parar                        text2        00D68
__end_of_Controle_Subir                        text41       00DA7
__end_of_EUSART_DefaultErrorHandler            text64       00CCE
__end_of_EUSART_DefaultFramingErrorHandler     text63       00CC1
__end_of_EUSART_DefaultOverrunErrorHandler     text62       00CD2
__end_of_EUSART_Initialize                     text25       0068F
__end_of_EUSART_Read                           text4        00EC3
__end_of_EUSART_Receive_ISR                    text61       00781
__end_of_EUSART_RxDataHandler                  text65       00E1B
__end_of_EUSART_SetErrorHandler                text30       00D0C
__end_of_EUSART_SetFramingErrorHandler         text29       00D15
__end_of_EUSART_SetOverrunErrorHandler         text28       00D1E
__end_of_EUSART_SetRxInterruptHandler          text27       00D27
__end_of_EUSART_SetTxInterruptHandler          text26       00D30
__end_of_EUSART_Transmit_ISR                   text60       00E9E
__end_of_EUSART_Write                          text10       00EEA
__end_of_EUSART_is_rx_ready                    text40       00D03
__end_of_Existe_Chamada_Abaixo                 text39       00F3F
__end_of_Existe_Chamada_Acima                  text38       0070E
__end_of_FVR_Initialize                        text24       00CD6
__end_of_INTERRUPT_InterruptManager            intentry     00072
__end_of_IOCBF0_DefaultInterruptHandler        text59       00CC2
__end_of_IOCBF0_ISR                            text58       00DB6
__end_of_IOCBF0_SetInterruptHandler            text22       00CE5
__end_of_IOCBF3_DefaultInterruptHandler        text57       00CC3
__end_of_IOCBF3_ISR                            text56       00DC5
__end_of_IOCBF3_SetInterruptHandler            text21       00D39
__end_of_LUT_Andar                             stringtext2  0080D
__end_of_LUT_dir                               stringtext1  007FD
__end_of_LUT_percurso                          stringtext4  0081D
__end_of_Limpar_Chamada_Atual                  text37       00F6D
__end_of_MAX7219_Write                         text36       00E49
__end_of_MatrizInicializa                      text35       007B6
__end_of_MatrizLed                             text34       004FF
__end_of_OSCILLATOR_Initialize                 text23       00CF2
__end_of_PIN_MANAGER_IOC                       text55       00DF4
__end_of_PIN_MANAGER_Initialize                text20       00FCD
__end_of_PWM3_Initialize                       text19       00D42
__end_of_PWM3_LoadDutyValue                    text43       00E80
__end_of_SENSORES_CalcularVelocidade           text46       0046F
__end_of_SPI1_Initialize                       text18       00D73
__end_of_SYSTEM_Initialize                     text11       00F12
__end_of_TMR0_Initialize                       text17       00D5E
__end_of_TMR0_ReadTimer                        text51       00CDF
__end_of_TMR2_DefaultInterruptHandler          text54       00CC4
__end_of_TMR2_ISR                              text53       00DD4
__end_of_TMR2_Initialize                       text15       00E07
__end_of_TMR2_SetInterruptHandler              text16       00D4B
__end_of_TMR4_DefaultInterruptHandler          text47       00004
__end_of_TMR4_ISR                              text45       00DE3
__end_of_TMR4_Initialize                       text13       00E2F
__end_of_TMR4_SetInterruptHandler              text14       00D54
__end_of_UART_EnviaDados                       text5        00389
__end_of_UART_RecebePedido                     text3        00F9B
__end_of_Verificar_Sensores                    text1        006CF
__end_of_WDT_Initialize                        text12       00CDA
__end_of___awdiv                               text9        0055B
__end_of___awmod                               text8        00605
__end_of___lldiv                               text50       005B3
__end_of___lmul                                text49       01000
__end_of___lwdiv                               text7        0064D
__end_of___lwmod                               text6        007E9
__end_of__initialization                       cinit        00085
__end_of_main                                  maintext     00256
__end_of_matrix_conf                           stringtext3  00819
__end_of_spi1_configuration                    stringtext5  00821
__end_ofi1___lwdiv                             text48       00748
__initialization                               cinit        00074
__pbssBANK0                                    bssBANK0     00020
__pbssBANK1                                    bssBANK1     000A0
__pbssCOMMON                                   bssCOMMON    0007D
__pcstackBANK0                                 cstackBANK0  00042
__pcstackBANK1                                 cstackBANK1  000BC
__pcstackCOMMON                                cstackCOMMON 00070
__pintentry                                    intentry     00004
__pmaintext                                    maintext     00089
__pnvBANK0                                     nvBANK0      0005C
__pnvBANK1                                     nvBANK1      000CF
__pstringtext1                                 stringtext1  007E9
__pstringtext2                                 stringtext2  007FD
__pstringtext3                                 stringtext3  0080D
__pstringtext4                                 stringtext4  00819
__pstringtext5                                 stringtext5  0081D
__ptext1                                       text1        0068F
__ptext10                                      text10       00EC3
__ptext11                                      text11       00EEA
__ptext12                                      text12       00CD6
__ptext13                                      text13       00E1B
__ptext14                                      text14       00D4B
__ptext15                                      text15       00DF4
__ptext16                                      text16       00D42
__ptext17                                      text17       00D54
__ptext18                                      text18       00D68
__ptext19                                      text19       00D39
__ptext2                                       text2        00D5E
__ptext20                                      text20       00F9B
__ptext21                                      text21       00D30
__ptext22                                      text22       00CDF
__ptext23                                      text23       00CEB
__ptext24                                      text24       00CD2
__ptext25                                      text25       0064D
__ptext26                                      text26       00D27
__ptext27                                      text27       00D1E
__ptext28                                      text28       00D15
__ptext29                                      text29       00D0C
__ptext3                                       text3        00F6D
__ptext30                                      text30       00D03
__ptext31                                      text31       00D7F
__ptext32                                      text32       00D73
__ptext33                                      text33       00CF2
__ptext34                                      text34       0046F
__ptext35                                      text35       00781
__ptext36                                      text36       00E2F
__ptext37                                      text37       00F3F
__ptext38                                      text38       006CF
__ptext39                                      text39       00F12
__ptext4                                       text4        00E9E
__ptext40                                      text40       00CFA
__ptext41                                      text41       00D99
__ptext42                                      text42       00D8B
__ptext43                                      text43       00E64
__ptext45                                      text45       00DD4
__ptext46                                      text46       00389
__ptext47                                      text47       00003
__ptext48                                      text48       0070E
__ptext49                                      text49       00FCD
__ptext5                                       text5        00256
__ptext50                                      text50       0055B
__ptext51                                      text51       00CDA
__ptext52                                      text52       00E49
__ptext53                                      text53       00DC5
__ptext54                                      text54       00CC3
__ptext55                                      text55       00DE3
__ptext56                                      text56       00DB6
__ptext57                                      text57       00CC2
__ptext58                                      text58       00DA7
__ptext59                                      text59       00CC1
__ptext6                                       text6        007B6
__ptext60                                      text60       00E80
__ptext61                                      text61       00748
__ptext62                                      text62       00CCE
__ptext63                                      text63       00CC0
__ptext64                                      text64       00CCA
__ptext65                                      text65       00E07
__ptext66                                      text66       00CC7
__ptext67                                      text67       00CC4
__ptext7                                       text7        00605
__ptext8                                       text8        005B3
__ptext9                                       text9        004FF
_andar_atual                                   bssBANK0     00037
_andar_destino                                 bssBANK0     00038
_buffer_destino                                bssBANK0     00040
_buffer_origem                                 bssBANK0     00041
_chamadas_descida                              bssBANK0     00020
_chamadas_subida                               bssBANK0     00024
_contador_espera                               bssBANK0     0002E
_contador_telemetria                           bssBANK0     0002C
_estado_atual                                  bssBANK0     00036
_estado_motor                                  bssBANK0     00035
_eusartRxBuffer                                bssBANK1     000A8
_eusartRxCount                                 bssBANK0     0003A
_eusartRxHead                                  bssCOMMON    0007D
_eusartRxLastError                             bssBANK0     00039
_eusartRxStatusBuffer                          bssBANK1     000A0
_eusartRxTail                                  bssBANK0     0003B
_eusartTxBuffer                                bssBANK1     000B0
_eusartTxBufferRemaining                       bssBANK0     0003C
_eusartTxHead                                  bssBANK0     0003E
_eusartTxTail                                  bssBANK0     0003D
_main                                          maintext     00089
_main$1421                                     cstackBANK1  000C8
_matrix_conf                                   stringtext3  0080D
_posicao_mm                                    bssBANK0     00034
_solicitacoes                                  bssBANK1     000B8
_spi1_configuration                            stringtext5  0081D
_temperatura_ponte                             bssBANK0     0002A
_timer0ReloadVal                               bssBANK0     0003F
_total_pulsos                                  bssBANK0     00028
_ultimo_valor_timer0                           bssBANK0     00032
_velocidade_atual                              bssBANK0     00033
btemp                                          (abs)        0007E
clear_ram0                                     clrtext      00CE5
end_of_initialization                          cinit        00085
i1___lwdiv                                     text48       0070E
i1___lwdiv@counter                             cstackCOMMON 00076
i1___lwdiv@dividend                            cstackCOMMON 00072
i1___lwdiv@divisor                             cstackCOMMON 00070
i1___lwdiv@quotient                            cstackCOMMON 00074
int$flags                                      (abs)        0007E
intlevel0                                      functab      00000
intlevel1                                      functab      00000
intlevel2                                      functab      00000
intlevel3                                      functab      00000
intlevel4                                      functab      00000
intlevel5                                      functab      00000
main@destino                                   cstackBANK1  000CD
main@i                                         cstackBANK1  000C9
main@origem                                    cstackBANK1  000CB
reset_vec                                      reset_vec    00000
start                                          init         00072
start_initialization                           cinit        00074
wtemp0                                         (abs)        0007E


MODULE INFORMATION

Module		Function		Class		Link	Load	Size
mcc_generated_files/cmp1.c
		_CMP1_ISR      		CODE           	0CC4	0000	3
		_CMP1_Initialize		CODE           	0D73	0000	12

mcc_generated_files/cmp1.c estimated size: 15

mcc_generated_files/fvr.c
		_FVR_Initialize		CODE           	0CD2	0000	4

mcc_generated_files/fvr.c estimated size: 4

mcc_generated_files/tmr4.c
		_TMR4_ISR      		CODE           	0DD4	0000	15
		_TMR4_Initialize		CODE           	0E1B	0000	20
		_TMR4_SetInterruptHandler		CODE           	0D4B	0000	9
		_TMR4_DefaultInterruptHandler		CODE           	0003	0000	1

mcc_generated_files/tmr4.c estimated size: 45

mcc_generated_files/tmr2.c
		_TMR2_ISR      		CODE           	0DC5	0000	15
		_TMR2_Initialize		CODE           	0DF4	0000	19
		_TMR2_SetInterruptHandler		CODE           	0D42	0000	9
		_TMR2_DefaultInterruptHandler		CODE           	0CC3	0000	1

mcc_generated_files/tmr2.c estimated size: 44

mcc_generated_files/interrupt_manager.c
		_INTERRUPT_InterruptManager		CODE           	0004	0000	110

mcc_generated_files/interrupt_manager.c estimated size: 110

mcc_generated_files/tmr0.c
		_TMR0_ReadTimer		CODE           	0CDA	0000	5
		_TMR0_Initialize		CODE           	0D54	0000	10

mcc_generated_files/tmr0.c estimated size: 15

mcc_generated_files/pin_manager.c
		_IOCBF3_DefaultInterruptHandler		CODE           	0CC2	0000	1
		_IOCBF0_ISR    		CODE           	0DA7	0000	15
		_PIN_MANAGER_Initialize		CODE           	0F9B	0000	50
		_IOCBF3_ISR    		CODE           	0DB6	0000	15
		_IOCBF0_SetInterruptHandler		CODE           	0CDF	0000	6
		_IOCBF3_SetInterruptHandler		CODE           	0D30	0000	9
		_PIN_MANAGER_IOC		CODE           	0DE3	0000	17
		_IOCBF0_DefaultInterruptHandler		CODE           	0CC1	0000	1

mcc_generated_files/pin_manager.c estimated size: 114

mcc_generated_files/spi1.c
		_SPI1_Initialize		CODE           	0D68	0000	11

mcc_generated_files/spi1.c estimated size: 11

mcc_generated_files/adc.c
		_ADC_Initialize		CODE           	0CF2	0000	8
		_ADC_GetConversion		CODE           	0E49	0000	27

mcc_generated_files/adc.c estimated size: 35

C:\Program Files\Microchip\xc8\v3.00\pic\sources\c99\common\lwmod.c
		___lwmod       		CODE           	07B6	0000	51

C:\Program Files\Microchip\xc8\v3.00\pic\sources\c99\common\lwmod.c estimated size: 51

C:\Program Files\Microchip\xc8\v3.00\pic\sources\c99\common\awmod.c
		___awmod       		CODE           	05B3	0000	82

C:\Program Files\Microchip\xc8\v3.00\pic\sources\c99\common\awmod.c estimated size: 82

mcc_generated_files/cmp2.c
		_CMP2_ISR      		CODE           	0CC7	0000	3
		_CMP2_Initialize		CODE           	0D7F	0000	12

mcc_generated_files/cmp2.c estimated size: 15

motor.c
		_Existe_Chamada_Acima		CODE           	06CF	0000	63
		_Controle_Parar		CODE           	0D5E	0000	10
		_Controle_Subir		CODE           	0D99	0000	14
		_SENSORES_CalcularVelocidade		CODE           	0389	0000	230
		_Controle_Descer		CODE           	0D8B	0000	14
		_Verificar_Sensores		CODE           	068F	0000	64
		_Existe_Chamada_Abaixo		CODE           	0F12	0000	45
		_Limpar_Chamada_Atual		CODE           	0F3F	0000	46

motor.c estimated size: 486

C:\Program Files\Microchip\xc8\v3.00\pic\sources\c99\common\Umul32.c
		___lmul        		CODE           	0FCD	0000	51

C:\Program Files\Microchip\xc8\v3.00\pic\sources\c99\common\Umul32.c estimated size: 51

C:\Program Files\Microchip\xc8\v3.00\pic\sources\c99\common\__lldiv.c
		___lldiv       		CODE           	055B	0000	88

C:\Program Files\Microchip\xc8\v3.00\pic\sources\c99\common\__lldiv.c estimated size: 88

shared
		_LUT_percurso  		STRCODE        	0819	0000	4
		_LUT_dir       		STRCODE        	07E9	0000	20
		i1___lwdiv     		CODE           	070E	0000	58
		_LUT_Andar     		STRCODE        	07FD	0000	16
		__initialization		CODE           	0074	0000	17
		_matrix_conf   		STRCODE        	080D	0000	12
		_spi1_configuration		STRCODE        	081D	0000	4

shared estimated size: 131

mcc_generated_files/mcc.c
		_WDT_Initialize		CODE           	0CD6	0000	4
		_OSCILLATOR_Initialize		CODE           	0CEB	0000	7
		_SYSTEM_Initialize		CODE           	0EEA	0000	40

mcc_generated_files/mcc.c estimated size: 51

mcc_generated_files/pwm3.c
		_PWM3_Initialize		CODE           	0D39	0000	9
		_PWM3_LoadDutyValue		CODE           	0E64	0000	28

mcc_generated_files/pwm3.c estimated size: 37

C:\Program Files\Microchip\xc8\v3.00\pic\sources\c99\common\lwdiv.c
		___lwdiv       		CODE           	0605	0000	72

C:\Program Files\Microchip\xc8\v3.00\pic\sources\c99\common\lwdiv.c estimated size: 72

C:\Program Files\Microchip\xc8\v3.00\pic\sources\c99\common\awdiv.c
		___awdiv       		CODE           	04FF	0000	92

C:\Program Files\Microchip\xc8\v3.00\pic\sources\c99\common\awdiv.c estimated size: 92

mcc_generated_files/eusart.c
		_EUSART_SetRxInterruptHandler		CODE           	0D1E	0000	9
		_EUSART_SetTxInterruptHandler		CODE           	0D27	0000	9
		_EUSART_Read   		CODE           	0E9E	0000	37
		_EUSART_DefaultOverrunErrorHandler		CODE           	0CCE	0000	4
		_EUSART_Write  		CODE           	0EC3	0000	39
		_EUSART_DefaultErrorHandler		CODE           	0CCA	0000	4
		_EUSART_Transmit_ISR		CODE           	0E80	0000	30
		_EUSART_Initialize		CODE           	064D	0000	66
		_EUSART_SetFramingErrorHandler		CODE           	0D0C	0000	9
		_EUSART_SetErrorHandler		CODE           	0D03	0000	9
		_EUSART_SetOverrunErrorHandler		CODE           	0D15	0000	9
		_EUSART_Receive_ISR		CODE           	0748	0000	57
		_EUSART_RxDataHandler		CODE           	0E07	0000	20
		_EUSART_DefaultFramingErrorHandler		CODE           	0CC0	0000	1
		_EUSART_is_rx_ready		CODE           	0CFA	0000	9

mcc_generated_files/eusart.c estimated size: 312

main.c
		_main          		CODE           	0089	0000	461

main.c estimated size: 461

comm.c
		_MatrizLed     		CODE           	046F	0000	144
		_MatrizInicializa		CODE           	0781	0000	53
		_UART_RecebePedido		CODE           	0F6D	0000	46
		_UART_EnviaDados		CODE           	0256	0000	307
		_MAX7219_Write 		CODE           	0E2F	0000	26

comm.c estimated size: 576

